Archive member included to satisfy reference by file (symbol)

ld\libm.a(lib_a-sf_ceil.o)    E:\wch\6-AXIS-CH32V307-GRBL\grbl\nuts_bolts.o (ceilf)
ld\libm.a(lib_a-sf_cos.o)     E:\wch\6-AXIS-CH32V307-GRBL\grbl\motion_control.o (cosf)
ld\libm.a(lib_a-sf_floor.o)   E:\wch\6-AXIS-CH32V307-GRBL\grbl\motion_control.o (floorf)
ld\libm.a(lib_a-sf_lround.o)  E:\wch\6-AXIS-CH32V307-GRBL\grbl\gcode.o (lroundf)
ld\libm.a(lib_a-sf_sin.o)     E:\wch\6-AXIS-CH32V307-GRBL\grbl\motion_control.o (sinf)
ld\libm.a(lib_a-sf_trunc.o)   E:\wch\6-AXIS-CH32V307-GRBL\grbl\gcode.o (truncf)
ld\libm.a(lib_a-wf_atan2.o)   E:\wch\6-AXIS-CH32V307-GRBL\grbl\motion_control.o (atan2f)
ld\libm.a(lib_a-wf_sqrt.o)    E:\wch\6-AXIS-CH32V307-GRBL\grbl\gcode.o (sqrtf)
ld\libm.a(lib_a-ef_atan2.o)   ld\libm.a(lib_a-wf_atan2.o) (__ieee754_atan2f)
ld\libm.a(lib_a-ef_rem_pio2.o)
                              ld\libm.a(lib_a-sf_cos.o) (__ieee754_rem_pio2f)
ld\libm.a(lib_a-ef_sqrt.o)    ld\libm.a(lib_a-wf_sqrt.o) (__ieee754_sqrtf)
ld\libm.a(lib_a-kf_cos.o)     ld\libm.a(lib_a-sf_cos.o) (__kernel_cosf)
ld\libm.a(lib_a-kf_rem_pio2.o)
                              ld\libm.a(lib_a-ef_rem_pio2.o) (__kernel_rem_pio2f)
ld\libm.a(lib_a-kf_sin.o)     ld\libm.a(lib_a-sf_cos.o) (__kernel_sinf)
ld\libm.a(lib_a-s_lib_ver.o)  ld\libm.a(lib_a-wf_sqrt.o) (__fdlib_version)
ld\libm.a(lib_a-s_matherr.o)  ld\libm.a(lib_a-wf_sqrt.o) (matherr)
ld\libm.a(lib_a-sf_atan.o)    ld\libm.a(lib_a-ef_atan2.o) (atanf)
ld\libm.a(lib_a-sf_fabs.o)    ld\libm.a(lib_a-ef_atan2.o) (fabsf)
ld\libm.a(lib_a-sf_scalbn.o)  ld\libm.a(lib_a-kf_rem_pio2.o) (scalbnf)
ld\libm.a(lib_a-sf_copysign.o)
                              ld\libm.a(lib_a-sf_scalbn.o) (copysignf)
e:/risc5ide_2010/risc-vembeddedgcc/bin/../lib/gcc/riscv-none-embed/8.2.0/rv32imac/ilp32\libgcc.a(adddf3.o)
                              E:\wch\6-AXIS-CH32V307-GRBL\grbl\motion_control.o (__adddf3)
e:/risc5ide_2010/risc-vembeddedgcc/bin/../lib/gcc/riscv-none-embed/8.2.0/rv32imac/ilp32\libgcc.a(divdf3.o)
                              ld\libm.a(lib_a-wf_sqrt.o) (__divdf3)
e:/risc5ide_2010/risc-vembeddedgcc/bin/../lib/gcc/riscv-none-embed/8.2.0/rv32imac/ilp32\libgcc.a(gedf2.o)
                              E:\wch\6-AXIS-CH32V307-GRBL\grbl\motion_control.o (__gedf2)
e:/risc5ide_2010/risc-vembeddedgcc/bin/../lib/gcc/riscv-none-embed/8.2.0/rv32imac/ilp32\libgcc.a(ledf2.o)
                              E:\wch\6-AXIS-CH32V307-GRBL\grbl\motion_control.o (__ledf2)
e:/risc5ide_2010/risc-vembeddedgcc/bin/../lib/gcc/riscv-none-embed/8.2.0/rv32imac/ilp32\libgcc.a(subdf3.o)
                              E:\wch\6-AXIS-CH32V307-GRBL\grbl\motion_control.o (__subdf3)
e:/risc5ide_2010/risc-vembeddedgcc/bin/../lib/gcc/riscv-none-embed/8.2.0/rv32imac/ilp32\libgcc.a(addsf3.o)
                              E:\wch\6-AXIS-CH32V307-GRBL\grbl\gcode.o (__addsf3)
e:/risc5ide_2010/risc-vembeddedgcc/bin/../lib/gcc/riscv-none-embed/8.2.0/rv32imac/ilp32\libgcc.a(divsf3.o)
                              E:\wch\6-AXIS-CH32V307-GRBL\grbl\gcode.o (__divsf3)
e:/risc5ide_2010/risc-vembeddedgcc/bin/../lib/gcc/riscv-none-embed/8.2.0/rv32imac/ilp32\libgcc.a(eqsf2.o)
                              E:\wch\6-AXIS-CH32V307-GRBL\grbl\gcode.o (__eqsf2)
e:/risc5ide_2010/risc-vembeddedgcc/bin/../lib/gcc/riscv-none-embed/8.2.0/rv32imac/ilp32\libgcc.a(gesf2.o)
                              E:\wch\6-AXIS-CH32V307-GRBL\grbl\spindle_control.o (__gesf2)
e:/risc5ide_2010/risc-vembeddedgcc/bin/../lib/gcc/riscv-none-embed/8.2.0/rv32imac/ilp32\libgcc.a(lesf2.o)
                              E:\wch\6-AXIS-CH32V307-GRBL\grbl\spindle_control.o (__lesf2)
e:/risc5ide_2010/risc-vembeddedgcc/bin/../lib/gcc/riscv-none-embed/8.2.0/rv32imac/ilp32\libgcc.a(mulsf3.o)
                              E:\wch\6-AXIS-CH32V307-GRBL\grbl\gcode.o (__mulsf3)
e:/risc5ide_2010/risc-vembeddedgcc/bin/../lib/gcc/riscv-none-embed/8.2.0/rv32imac/ilp32\libgcc.a(subsf3.o)
                              E:\wch\6-AXIS-CH32V307-GRBL\grbl\gcode.o (__subsf3)
e:/risc5ide_2010/risc-vembeddedgcc/bin/../lib/gcc/riscv-none-embed/8.2.0/rv32imac/ilp32\libgcc.a(unordsf2.o)
                              ld\libm.a(lib_a-wf_sqrt.o) (__unordsf2)
e:/risc5ide_2010/risc-vembeddedgcc/bin/../lib/gcc/riscv-none-embed/8.2.0/rv32imac/ilp32\libgcc.a(fixsfsi.o)
                              E:\wch\6-AXIS-CH32V307-GRBL\grbl\gcode.o (__fixsfsi)
e:/risc5ide_2010/risc-vembeddedgcc/bin/../lib/gcc/riscv-none-embed/8.2.0/rv32imac/ilp32\libgcc.a(fixunssfsi.o)
                              E:\wch\6-AXIS-CH32V307-GRBL\grbl\gcode.o (__fixunssfsi)
e:/risc5ide_2010/risc-vembeddedgcc/bin/../lib/gcc/riscv-none-embed/8.2.0/rv32imac/ilp32\libgcc.a(floatsisf.o)
                              E:\wch\6-AXIS-CH32V307-GRBL\grbl\gcode.o (__floatsisf)
e:/risc5ide_2010/risc-vembeddedgcc/bin/../lib/gcc/riscv-none-embed/8.2.0/rv32imac/ilp32\libgcc.a(floatunsisf.o)
                              E:\wch\6-AXIS-CH32V307-GRBL\grbl\limits.o (__floatunsisf)
[...]
Memory Configuration

Name             Origin             Length             Attributes
FLASH            0x0000000000000000 0x0000000000048000 xr
RAM              0x0000000020000000 0x0000000000008000 xrw
*default*        0x0000000000000000 0xffffffffffffffff

Linker script and memory map

LOAD E:\wch\6-AXIS-CH32V307-GRBL\app\ch32v30x_it.o
LOAD E:\wch\6-AXIS-CH32V307-GRBL\app\main.o
LOAD E:\wch\6-AXIS-CH32V307-GRBL\app\system_ch32v30x.o
LOAD E:\wch\6-AXIS-CH32V307-GRBL\app\ch32v30x_usbhs_device.o
LOAD E:\wch\6-AXIS-CH32V307-GRBL\SRC\Core\core_riscv.o
LOAD E:\wch\6-AXIS-CH32V307-GRBL\SRC\Debug\debug.o
LOAD E:\wch\6-AXIS-CH32V307-GRBL\SRC\Peripheral\src\ch32v30x_adc.o
LOAD E:\wch\6-AXIS-CH32V307-GRBL\SRC\Peripheral\src\ch32v30x_bkp.o
LOAD E:\wch\6-AXIS-CH32V307-GRBL\SRC\Peripheral\src\ch32v30x_can.o
LOAD E:\wch\6-AXIS-CH32V307-GRBL\SRC\Peripheral\src\ch32v30x_crc.o
LOAD E:\wch\6-AXIS-CH32V307-GRBL\SRC\Peripheral\src\ch32v30x_dac.o
LOAD E:\wch\6-AXIS-CH32V307-GRBL\SRC\Peripheral\src\ch32v30x_dbgmcu.o
LOAD E:\wch\6-AXIS-CH32V307-GRBL\SRC\Peripheral\src\ch32v30x_dma.o
LOAD E:\wch\6-AXIS-CH32V307-GRBL\SRC\Peripheral\src\ch32v30x_dvp.o
LOAD E:\wch\6-AXIS-CH32V307-GRBL\SRC\Peripheral\src\ch32v30x_eth.o
LOAD E:\wch\6-AXIS-CH32V307-GRBL\SRC\Peripheral\src\ch32v30x_exti.o
LOAD E:\wch\6-AXIS-CH32V307-GRBL\SRC\Peripheral\src\ch32v30x_flash.o
LOAD E:\wch\6-AXIS-CH32V307-GRBL\SRC\Peripheral\src\ch32v30x_fsmc.o
LOAD E:\wch\6-AXIS-CH32V307-GRBL\SRC\Peripheral\src\ch32v30x_gpio.o
LOAD E:\wch\6-AXIS-CH32V307-GRBL\SRC\Peripheral\src\ch32v30x_i2c.o
LOAD E:\wch\6-AXIS-CH32V307-GRBL\SRC\Peripheral\src\ch32v30x_iwdg.o
LOAD E:\wch\6-AXIS-CH32V307-GRBL\SRC\Peripheral\src\ch32v30x_misc.o
LOAD E:\wch\6-AXIS-CH32V307-GRBL\SRC\Peripheral\src\ch32v30x_opa.o
LOAD E:\wch\6-AXIS-CH32V307-GRBL\SRC\Peripheral\src\ch32v30x_pwr.o
LOAD E:\wch\6-AXIS-CH32V307-GRBL\SRC\Peripheral\src\ch32v30x_rcc.o
LOAD E:\wch\6-AXIS-CH32V307-GRBL\SRC\Peripheral\src\ch32v30x_rng.o
LOAD E:\wch\6-AXIS-CH32V307-GRBL\SRC\Peripheral\src\ch32v30x_rtc.o
LOAD E:\wch\6-AXIS-CH32V307-GRBL\SRC\Peripheral\src\ch32v30x_sdio.o
LOAD E:\wch\6-AXIS-CH32V307-GRBL\SRC\Peripheral\src\ch32v30x_spi.o
LOAD E:\wch\6-AXIS-CH32V307-GRBL\SRC\Peripheral\src\ch32v30x_tim.o
LOAD E:\wch\6-AXIS-CH32V307-GRBL\SRC\Peripheral\src\ch32v30x_usart.o
LOAD E:\wch\6-AXIS-CH32V307-GRBL\SRC\Peripheral\src\ch32v30x_wwdg.o
LOAD E:\wch\6-AXIS-CH32V307-GRBL\grbl\coolant_control.o
LOAD E:\wch\6-AXIS-CH32V307-GRBL\grbl\eeprom.o
LOAD E:\wch\6-AXIS-CH32V307-GRBL\grbl\gcode.o
LOAD E:\wch\6-AXIS-CH32V307-GRBL\grbl\jog.o
LOAD E:\wch\6-AXIS-CH32V307-GRBL\grbl\limits.o
LOAD E:\wch\6-AXIS-CH32V307-GRBL\grbl\motion_control.o
LOAD E:\wch\6-AXIS-CH32V307-GRBL\grbl\nuts_bolts.o
LOAD E:\wch\6-AXIS-CH32V307-GRBL\grbl\planner.o
LOAD E:\wch\6-AXIS-CH32V307-GRBL\grbl\print.o
LOAD E:\wch\6-AXIS-CH32V307-GRBL\grbl\probe.o
LOAD E:\wch\6-AXIS-CH32V307-GRBL\grbl\protocol.o
LOAD E:\wch\6-AXIS-CH32V307-GRBL\grbl\report.o
LOAD E:\wch\6-AXIS-CH32V307-GRBL\grbl\serial.o
LOAD E:\wch\6-AXIS-CH32V307-GRBL\grbl\settings.o
LOAD E:\wch\6-AXIS-CH32V307-GRBL\grbl\spindle_control.o
LOAD E:\wch\6-AXIS-CH32V307-GRBL\grbl\stepper.o
LOAD E:\wch\6-AXIS-CH32V307-GRBL\grbl\system.o
LOAD E:\wch\6-AXIS-CH32V307-GRBL\SRC\Startup\startup_ch32v30x_D8C.o
LOAD ld\libm.a
LOAD e:/risc5ide_2010/risc-vembeddedgcc/bin/../lib/gcc/riscv-none-embed/8.2.0/rv32imac/ilp32\libgcc.a
LOAD e:/risc5ide_2010/risc-vembeddedgcc/bin/../lib/gcc/riscv-none-embed/8.2.0/../../../../riscv-none-embed/lib/rv32imac/ilp32\libc_nano.a
LOAD e:/risc5ide_2010/risc-vembeddedgcc/bin/../lib/gcc/riscv-none-embed/8.2.0/rv32imac/ilp32\libgcc.a
START GROUP
LOAD e:/risc5ide_2010/risc-vembeddedgcc/bin/../lib/gcc/riscv-none-embed/8.2.0/rv32imac/ilp32\libgcc.a
LOAD e:/risc5ide_2010/risc-vembeddedgcc/bin/../lib/gcc/riscv-none-embed/8.2.0/../../../../riscv-none-embed/lib/rv32imac/ilp32\libc_nano.a
LOAD e:/risc5ide_2010/risc-vembeddedgcc/bin/../lib/gcc/riscv-none-embed/8.2.0/../../../../riscv-none-embed/lib/rv32imac/ilp32\libnosys.a
END GROUP
START GROUP
LOAD e:/risc5ide_2010/risc-vembeddedgcc/bin/../lib/gcc/riscv-none-embed/8.2.0/rv32imac/ilp32\libgcc.a
LOAD e:/risc5ide_2010/risc-vembeddedgcc/bin/../lib/gcc/riscv-none-embed/8.2.0/../../../../riscv-none-embed/lib/rv32imac/ilp32\libc_nano.a
LOAD e:/risc5ide_2010/risc-vembeddedgcc/bin/../lib/gcc/riscv-none-embed/8.2.0/../../../../riscv-none-embed/lib/rv32imac/ilp32\libnosys.a
END GROUP
                0x0000000000000800                __stack_size = 0x800
                [!provide]                        PROVIDE (_stack_size = __stack_size)

.init           0x0000000000000000       0x38
                0x0000000000000000                _sinit = .
                0x0000000000000000                . = ALIGN (0x4)
 *(SORT_NONE(.init))
 .init          0x0000000000000000       0x38 E:\wch\6-AXIS-CH32V307-GRBL\SRC\Startup\startup_ch32v30x_D8C.o
                0x0000000000000000                _start
                0x0000000000000038                . = ALIGN (0x4)
                0x0000000000000038                _einit = .

.vector         0x0000000000000038      0x1c8
 *(.vector)
 .vector        0x0000000000000038      0x1a0 E:\wch\6-AXIS-CH32V307-GRBL\SRC\Startup\startup_ch32v30x_D8C.o
                0x0000000000000200                . = ALIGN (0x40)
 *fill*         0x00000000000001d8       0x28 

.text           0x0000000000000200     0xc21c
                0x0000000000000200                . = ALIGN (0x4)
 *(.text)
 .text          0x0000000000000200       0xa8 e:/risc5ide_2010/risc-vembeddedgcc/bin/../lib/gcc/riscv-none-embed/8.2.0/../../../../riscv-none-embed/lib/rv32imac/ilp32\libc_nano.a(lib_a-memset.o)
                0x0000000000000200                memset
 *(.text.*)
 .text.NMI_Handler
                0x00000000000002a8        0x4 E:\wch\6-AXIS-CH32V307-GRBL\app\ch32v30x_it.o
                0x00000000000002a8                NMI_Handler
 .text.HardFault_Handler
                0x00000000000002ac        0x2 E:\wch\6-AXIS-CH32V307-GRBL\app\ch32v30x_it.o
                0x00000000000002ac                HardFault_Handler
 .text.USART2_Configuration
                0x00000000000002ae       0xb8 E:\wch\6-AXIS-CH32V307-GRBL\app\main.o
                0x00000000000002ae                USART2_Configuration
 .text.DAP_ProcessCommand
                0x0000000000000366        0x4 E:\wch\6-AXIS-CH32V307-GRBL\app\main.o
                0x0000000000000366                DAP_ProcessCommand
 .text.startup.main
                0x000000000000036a      0x156 E:\wch\6-AXIS-CH32V307-GRBL\app\main.o
                0x000000000000036a                main
 .text.LedBlink
                0x00000000000004c0       0x30 E:\wch\6-AXIS-CH32V307-GRBL\app\main.o
                0x00000000000004c0                LedBlink
 .text.SystemInit
                0x00000000000004f0       0xf8 E:\wch\6-AXIS-CH32V307-GRBL\app\system_ch32v30x.o
                0x00000000000004f0                SystemInit
 .text.USBHS_RCC_Init
                0x00000000000005e8       0x28 E:\wch\6-AXIS-CH32V307-GRBL\app\ch32v30x_usbhs_device.o
                0x00000000000005e8                USBHS_RCC_Init
 .text.USBHS_Device_Endp_Init
                0x0000000000000610      0x156 E:\wch\6-AXIS-CH32V307-GRBL\app\ch32v30x_usbhs_device.o
                0x0000000000000610                USBHS_Device_Endp_Init
 .text.USBHS_Device_Init
                0x0000000000000766       0x6c E:\wch\6-AXIS-CH32V307-GRBL\app\ch32v30x_usbhs_device.o
                0x0000000000000766                USBHS_Device_Init
 .text.USBHS_IRQHandler
                0x00000000000007d2      0x60a E:\wch\6-AXIS-CH32V307-GRBL\app\ch32v30x_usbhs_device.o
                0x00000000000007d2                USBHS_IRQHandler
 .text.Delay_Init
                0x0000000000000ddc       0x2a E:\wch\6-AXIS-CH32V307-GRBL\SRC\Debug\debug.o
                0x0000000000000ddc                Delay_Init
 .text.Delay_Us
                0x0000000000000e06       0x36 E:\wch\6-AXIS-CH32V307-GRBL\SRC\Debug\debug.o
                0x0000000000000e06                Delay_Us
 .text.Delay_Ms
                0x0000000000000e3c       0x36 E:\wch\6-AXIS-CH32V307-GRBL\SRC\Debug\debug.o
                0x0000000000000e3c                Delay_Ms
 .text.EXTI_Init
                0x0000000000000e72       0x6a E:\wch\6-AXIS-CH32V307-GRBL\SRC\Peripheral\src\ch32v30x_exti.o
                0x0000000000000e72                EXTI_Init
 .text.EXTI_GetITStatus
                0x0000000000000edc       0x1e E:\wch\6-AXIS-CH32V307-GRBL\SRC\Peripheral\src\ch32v30x_exti.o
                0x0000000000000edc                EXTI_GetITStatus
 .text.EXTI_ClearITPendingBit
                0x0000000000000efa        0xa E:\wch\6-AXIS-CH32V307-GRBL\SRC\Peripheral\src\ch32v30x_exti.o
                0x0000000000000efa                EXTI_ClearITPendingBit
 .text.FLASH_Unlock
                0x0000000000000f04       0x1a E:\wch\6-AXIS-CH32V307-GRBL\SRC\Peripheral\src\ch32v30x_flash.o
                0x0000000000000f04                FLASH_Unlock
 .text.FLASH_GetBank1Status
                0x0000000000000f1e       0x18 E:\wch\6-AXIS-CH32V307-GRBL\SRC\Peripheral\src\ch32v30x_flash.o
                0x0000000000000f1e                FLASH_GetBank1Status
 .text.FLASH_WaitForLastOperation
                0x0000000000000f36       0x2a E:\wch\6-AXIS-CH32V307-GRBL\SRC\Peripheral\src\ch32v30x_flash.o
                0x0000000000000f36                FLASH_WaitForLastOperation
 .text.FLASH_ErasePage
                0x0000000000000f60       0x42 E:\wch\6-AXIS-CH32V307-GRBL\SRC\Peripheral\src\ch32v30x_flash.o
                0x0000000000000f60                FLASH_ErasePage
 .text.FLASH_ProgramHalfWord
                0x0000000000000fa2       0x3c E:\wch\6-AXIS-CH32V307-GRBL\SRC\Peripheral\src\ch32v30x_flash.o
                0x0000000000000fa2                FLASH_ProgramHalfWord
 .text.GPIO_Init
                0x0000000000000fde       0xc2 E:\wch\6-AXIS-CH32V307-GRBL\SRC\Peripheral\src\ch32v30x_gpio.o
                0x0000000000000fde                GPIO_Init
 .text.GPIO_ReadInputData
                0x00000000000010a0        0x8 E:\wch\6-AXIS-CH32V307-GRBL\SRC\Peripheral\src\ch32v30x_gpio.o
                0x00000000000010a0                GPIO_ReadInputData
 .text.GPIO_ReadOutputData
                0x00000000000010a8        0x8 E:\wch\6-AXIS-CH32V307-GRBL\SRC\Peripheral\src\ch32v30x_gpio.o
                0x00000000000010a8                GPIO_ReadOutputData
 .text.GPIO_SetBits
                0x00000000000010b0        0x4 E:\wch\6-AXIS-CH32V307-GRBL\SRC\Peripheral\src\ch32v30x_gpio.o
                0x00000000000010b0                GPIO_SetBits
 .text.GPIO_ResetBits
                0x00000000000010b4        0x4 E:\wch\6-AXIS-CH32V307-GRBL\SRC\Peripheral\src\ch32v30x_gpio.o
                0x00000000000010b4                GPIO_ResetBits
 .text.GPIO_WriteBit
                0x00000000000010b8        0xa E:\wch\6-AXIS-CH32V307-GRBL\SRC\Peripheral\src\ch32v30x_gpio.o
                0x00000000000010b8                GPIO_WriteBit
 .text.GPIO_PinRemapConfig
                0x00000000000010c2       0xc4 E:\wch\6-AXIS-CH32V307-GRBL\SRC\Peripheral\src\ch32v30x_gpio.o
                0x00000000000010c2                GPIO_PinRemapConfig
 .text.GPIO_EXTILineConfig
                0x0000000000001186       0x2c E:\wch\6-AXIS-CH32V307-GRBL\SRC\Peripheral\src\ch32v30x_gpio.o
                0x0000000000001186                GPIO_EXTILineConfig
 .text.NVIC_PriorityGroupConfig
                0x00000000000011b2        0x6 E:\wch\6-AXIS-CH32V307-GRBL\SRC\Peripheral\src\ch32v30x_misc.o
                0x00000000000011b2                NVIC_PriorityGroupConfig
 .text.NVIC_Init
                0x00000000000011b8       0xb8 E:\wch\6-AXIS-CH32V307-GRBL\SRC\Peripheral\src\ch32v30x_misc.o
                0x00000000000011b8                NVIC_Init
 .text.RCC_GetClocksFreq
                0x0000000000001270      0x17e E:\wch\6-AXIS-CH32V307-GRBL\SRC\Peripheral\src\ch32v30x_rcc.o
                0x0000000000001270                RCC_GetClocksFreq
 .text.RCC_APB2PeriphClockCmd
                0x00000000000013ee       0x1e E:\wch\6-AXIS-CH32V307-GRBL\SRC\Peripheral\src\ch32v30x_rcc.o
                0x00000000000013ee                RCC_APB2PeriphClockCmd
 .text.RCC_APB1PeriphClockCmd
                0x000000000000140c       0x1e E:\wch\6-AXIS-CH32V307-GRBL\SRC\Peripheral\src\ch32v30x_rcc.o
                0x000000000000140c                RCC_APB1PeriphClockCmd
 .text.RCC_MCOConfig
                0x000000000000142a        0xa E:\wch\6-AXIS-CH32V307-GRBL\SRC\Peripheral\src\ch32v30x_rcc.o
                0x000000000000142a                RCC_MCOConfig
 .text.TIM_TimeBaseInit
                0x0000000000001434       0xc0 E:\wch\6-AXIS-CH32V307-GRBL\SRC\Peripheral\src\ch32v30x_tim.o
                0x0000000000001434                TIM_TimeBaseInit
 .text.TIM_OC1Init
                0x00000000000014f4       0xa0 E:\wch\6-AXIS-CH32V307-GRBL\SRC\Peripheral\src\ch32v30x_tim.o
                0x00000000000014f4                TIM_OC1Init
 .text.TIM_TimeBaseStructInit
                0x0000000000001594       0x18 E:\wch\6-AXIS-CH32V307-GRBL\SRC\Peripheral\src\ch32v30x_tim.o
                0x0000000000001594                TIM_TimeBaseStructInit
 .text.TIM_Cmd  0x00000000000015ac       0x1c E:\wch\6-AXIS-CH32V307-GRBL\SRC\Peripheral\src\ch32v30x_tim.o
                0x00000000000015ac                TIM_Cmd
 .text.TIM_CtrlPWMOutputs
                0x00000000000015c8       0x16 E:\wch\6-AXIS-CH32V307-GRBL\SRC\Peripheral\src\ch32v30x_tim.o
                0x00000000000015c8                TIM_CtrlPWMOutputs
 .text.TIM_ITConfig
                0x00000000000015de       0x16 E:\wch\6-AXIS-CH32V307-GRBL\SRC\Peripheral\src\ch32v30x_tim.o
                0x00000000000015de                TIM_ITConfig
 .text.TIM_OC1PreloadConfig
                0x00000000000015f4       0x12 E:\wch\6-AXIS-CH32V307-GRBL\SRC\Peripheral\src\ch32v30x_tim.o
                0x00000000000015f4                TIM_OC1PreloadConfig
 .text.TIM_ClearITPendingBit
                0x0000000000001606        0xe E:\wch\6-AXIS-CH32V307-GRBL\SRC\Peripheral\src\ch32v30x_tim.o
                0x0000000000001606                TIM_ClearITPendingBit
 .text.USART_Init
                0x0000000000001614       0xd8 E:\wch\6-AXIS-CH32V307-GRBL\SRC\Peripheral\src\ch32v30x_usart.o
                0x0000000000001614                USART_Init
 .text.USART_Cmd
                0x00000000000016ec       0x1c E:\wch\6-AXIS-CH32V307-GRBL\SRC\Peripheral\src\ch32v30x_usart.o
                0x00000000000016ec                USART_Cmd
 .text.USART_ITConfig
                0x0000000000001708       0x36 E:\wch\6-AXIS-CH32V307-GRBL\SRC\Peripheral\src\ch32v30x_usart.o
                0x0000000000001708                USART_ITConfig
 .text.USART_SendData
                0x000000000000173e        0xa E:\wch\6-AXIS-CH32V307-GRBL\SRC\Peripheral\src\ch32v30x_usart.o
                0x000000000000173e                USART_SendData
 .text.USART_ReceiveData
                0x0000000000001748        0xa E:\wch\6-AXIS-CH32V307-GRBL\SRC\Peripheral\src\ch32v30x_usart.o
                0x0000000000001748                USART_ReceiveData
 .text.USART_GetFlagStatus
                0x0000000000001752        0xc E:\wch\6-AXIS-CH32V307-GRBL\SRC\Peripheral\src\ch32v30x_usart.o
                0x0000000000001752                USART_GetFlagStatus
 .text.USART_GetITStatus
                0x000000000000175e       0x44 E:\wch\6-AXIS-CH32V307-GRBL\SRC\Peripheral\src\ch32v30x_usart.o
                0x000000000000175e                USART_GetITStatus
 .text.coolant_get_state
                0x00000000000017a2       0x3a E:\wch\6-AXIS-CH32V307-GRBL\grbl\coolant_control.o
                0x00000000000017a2                coolant_get_state
 .text.coolant_stop
                0x00000000000017dc       0x24 E:\wch\6-AXIS-CH32V307-GRBL\grbl\coolant_control.o
                0x00000000000017dc                coolant_stop
 .text.coolant_init
                0x0000000000001800       0x58 E:\wch\6-AXIS-CH32V307-GRBL\grbl\coolant_control.o
                0x0000000000001800                coolant_init
 .text.coolant_set_state
                0x0000000000001858       0x58 E:\wch\6-AXIS-CH32V307-GRBL\grbl\coolant_control.o
                0x0000000000001858                coolant_set_state
 .text.coolant_sync
                0x00000000000018b0       0x1e E:\wch\6-AXIS-CH32V307-GRBL\grbl\coolant_control.o
                0x00000000000018b0                coolant_sync
 .text.eeprom_flush
                0x00000000000018ce       0x6a E:\wch\6-AXIS-CH32V307-GRBL\grbl\eeprom.o
                0x00000000000018ce                eeprom_flush
 .text.eeprom_init
                0x0000000000001938       0x44 E:\wch\6-AXIS-CH32V307-GRBL\grbl\eeprom.o
                0x0000000000001938                eeprom_init
 .text.eeprom_get_char
                0x000000000000197c       0x10 E:\wch\6-AXIS-CH32V307-GRBL\grbl\eeprom.o
                0x000000000000197c                eeprom_get_char
 .text.eeprom_put_char
                0x000000000000198c       0x10 E:\wch\6-AXIS-CH32V307-GRBL\grbl\eeprom.o
                0x000000000000198c                eeprom_put_char
 .text.memcpy_to_eeprom_with_checksum
                0x000000000000199c       0x40 E:\wch\6-AXIS-CH32V307-GRBL\grbl\eeprom.o
                0x000000000000199c                memcpy_to_eeprom_with_checksum
 .text.memcpy_from_eeprom_with_checksum
                0x00000000000019dc       0x3e E:\wch\6-AXIS-CH32V307-GRBL\grbl\eeprom.o
                0x00000000000019dc                memcpy_from_eeprom_with_checksum
 .text.gc_init  0x0000000000001a1a       0x36 E:\wch\6-AXIS-CH32V307-GRBL\grbl\gcode.o
                0x0000000000001a1a                gc_init
 .text.gc_sync_position
                0x0000000000001a50       0x10 E:\wch\6-AXIS-CH32V307-GRBL\grbl\gcode.o
                0x0000000000001a50                gc_sync_position
 .text.gc_execute_line
                0x0000000000001a60      0xfac E:\wch\6-AXIS-CH32V307-GRBL\grbl\gcode.o
                0x0000000000001a60                gc_execute_line
 .text.jog_execute
                0x0000000000002a0c       0x6e E:\wch\6-AXIS-CH32V307-GRBL\grbl\jog.o
                0x0000000000002a0c                jog_execute
 .text.limits_init
                0x0000000000002a7a       0xc2 E:\wch\6-AXIS-CH32V307-GRBL\grbl\limits.o
                0x0000000000002a7a                limits_init
 .text.limits_disable
                0x0000000000002b3c        0xe E:\wch\6-AXIS-CH32V307-GRBL\grbl\limits.o
                0x0000000000002b3c                limits_disable
 .text.limits_get_state
                0x0000000000002b4a       0x5c E:\wch\6-AXIS-CH32V307-GRBL\grbl\limits.o
                0x0000000000002b4a                limits_get_state
 .text.EXTI15_10_IRQHandler
                0x0000000000002ba6       0x86 E:\wch\6-AXIS-CH32V307-GRBL\grbl\limits.o
                0x0000000000002ba6                EXTI15_10_IRQHandler
 .text.limits_go_home
                0x0000000000002c2c      0x28a E:\wch\6-AXIS-CH32V307-GRBL\grbl\limits.o
                0x0000000000002c2c                limits_go_home
 .text.limits_soft_check
                0x0000000000002eb6       0x5c E:\wch\6-AXIS-CH32V307-GRBL\grbl\limits.o
                0x0000000000002eb6                limits_soft_check
 .text.mc_line  0x0000000000002f12       0x96 E:\wch\6-AXIS-CH32V307-GRBL\grbl\motion_control.o
                0x0000000000002f12                mc_line
 .text.mc_arc   0x0000000000002fa8      0x368 E:\wch\6-AXIS-CH32V307-GRBL\grbl\motion_control.o
                0x0000000000002fa8                mc_arc
 .text.mc_dwell
                0x0000000000003310       0x20 E:\wch\6-AXIS-CH32V307-GRBL\grbl\motion_control.o
                0x0000000000003310                mc_dwell
 .text.mc_homing_cycle
                0x0000000000003330       0x4c E:\wch\6-AXIS-CH32V307-GRBL\grbl\motion_control.o
                0x0000000000003330                mc_homing_cycle
 .text.mc_probe_cycle
                0x000000000000337c       0xe8 E:\wch\6-AXIS-CH32V307-GRBL\grbl\motion_control.o
                0x000000000000337c                mc_probe_cycle
 .text.mc_reset
                0x0000000000003464       0x5a E:\wch\6-AXIS-CH32V307-GRBL\grbl\motion_control.o
                0x0000000000003464                mc_reset
 .text.read_float
                0x00000000000034be      0x14e E:\wch\6-AXIS-CH32V307-GRBL\grbl\nuts_bolts.o
                0x00000000000034be                read_float
 .text.delay_sec
                0x000000000000360c       0x62 E:\wch\6-AXIS-CH32V307-GRBL\grbl\nuts_bolts.o
                0x000000000000360c                delay_sec
 .text.hypot_f  0x000000000000366e       0x2e E:\wch\6-AXIS-CH32V307-GRBL\grbl\nuts_bolts.o
                0x000000000000366e                hypot_f
 .text.convert_delta_vector_to_unit_vector
                0x000000000000369c       0x7e E:\wch\6-AXIS-CH32V307-GRBL\grbl\nuts_bolts.o
                0x000000000000369c                convert_delta_vector_to_unit_vector
 .text.limit_value_by_axis_maximum
                0x000000000000371a       0x78 E:\wch\6-AXIS-CH32V307-GRBL\grbl\nuts_bolts.o
                0x000000000000371a                limit_value_by_axis_maximum
 .text.planner_recalculate
                0x0000000000003792      0x1e4 E:\wch\6-AXIS-CH32V307-GRBL\grbl\planner.o
 .text.plan_reset_buffer
                0x0000000000003976       0x14 E:\wch\6-AXIS-CH32V307-GRBL\grbl\planner.o
                0x0000000000003976                plan_reset_buffer
 .text.plan_reset
                0x000000000000398a       0x18 E:\wch\6-AXIS-CH32V307-GRBL\grbl\planner.o
                0x000000000000398a                plan_reset
 .text.plan_discard_current_block
                0x00000000000039a2       0x38 E:\wch\6-AXIS-CH32V307-GRBL\grbl\planner.o
                0x00000000000039a2                plan_discard_current_block
 .text.plan_get_system_motion_block
                0x00000000000039da       0x18 E:\wch\6-AXIS-CH32V307-GRBL\grbl\planner.o
                0x00000000000039da                plan_get_system_motion_block
 .text.plan_get_current_block
                0x00000000000039f2       0x22 E:\wch\6-AXIS-CH32V307-GRBL\grbl\planner.o
                0x00000000000039f2                plan_get_current_block
 .text.plan_get_exec_block_exit_speed_sqr
                0x0000000000003a14       0x36 E:\wch\6-AXIS-CH32V307-GRBL\grbl\planner.o
                0x0000000000003a14                plan_get_exec_block_exit_speed_sqr
 .text.plan_check_full_buffer
                0x0000000000003a4a       0x10 E:\wch\6-AXIS-CH32V307-GRBL\grbl\planner.o
                0x0000000000003a4a                plan_check_full_buffer
 .text.plan_compute_profile_nominal_speed
                0x0000000000003a5a       0x8a E:\wch\6-AXIS-CH32V307-GRBL\grbl\planner.o
                0x0000000000003a5a                plan_compute_profile_nominal_speed
 .text.plan_update_velocity_profile_parameters
                0x0000000000003ae4       0xa2 E:\wch\6-AXIS-CH32V307-GRBL\grbl\planner.o
                0x0000000000003ae4                plan_update_velocity_profile_parameters
 .text.plan_buffer_line
                0x0000000000003b86      0x34a E:\wch\6-AXIS-CH32V307-GRBL\grbl\planner.o
                0x0000000000003b86                plan_buffer_line
 .text.plan_sync_position
                0x0000000000003ed0       0x20 E:\wch\6-AXIS-CH32V307-GRBL\grbl\planner.o
                0x0000000000003ed0                plan_sync_position
 .text.plan_get_block_buffer_available
                0x0000000000003ef0       0x1c E:\wch\6-AXIS-CH32V307-GRBL\grbl\planner.o
                0x0000000000003ef0                plan_get_block_buffer_available
 .text.plan_cycle_reinitialize
                0x0000000000003f0c       0x18 E:\wch\6-AXIS-CH32V307-GRBL\grbl\planner.o
                0x0000000000003f0c                plan_cycle_reinitialize
 .text.printString
                0x0000000000003f24       0x22 E:\wch\6-AXIS-CH32V307-GRBL\grbl\print.o
                0x0000000000003f24                printString
 .text.print_uint8_base10
                0x0000000000003f46       0x66 E:\wch\6-AXIS-CH32V307-GRBL\grbl\print.o
                0x0000000000003f46                print_uint8_base10
 .text.printFloat
                0x0000000000003fac      0x10c E:\wch\6-AXIS-CH32V307-GRBL\grbl\print.o
                0x0000000000003fac                printFloat
 .text.printFloat_CoordValue
                0x00000000000040b8       0x28 E:\wch\6-AXIS-CH32V307-GRBL\grbl\print.o
                0x00000000000040b8                printFloat_CoordValue
 .text.printFloat_RateValue
                0x00000000000040e0       0x28 E:\wch\6-AXIS-CH32V307-GRBL\grbl\print.o
                0x00000000000040e0                printFloat_RateValue
 .text.probe_configure_invert_mask
                0x0000000000004108       0x2a E:\wch\6-AXIS-CH32V307-GRBL\grbl\probe.o
                0x0000000000004108                probe_configure_invert_mask
 .text.probe_init
                0x0000000000004132       0x38 E:\wch\6-AXIS-CH32V307-GRBL\grbl\probe.o
                0x0000000000004132                probe_init
 .text.probe_get_state
                0x000000000000416a       0x28 E:\wch\6-AXIS-CH32V307-GRBL\grbl\probe.o
                0x000000000000416a                probe_get_state
 .text.probe_state_monitor
                0x0000000000004192       0x2e E:\wch\6-AXIS-CH32V307-GRBL\grbl\probe.o
                0x0000000000004192                probe_state_monitor
 .text.protocol_auto_cycle_start
                0x00000000000041c0       0x1a E:\wch\6-AXIS-CH32V307-GRBL\grbl\protocol.o
                0x00000000000041c0                protocol_auto_cycle_start
 .text.protocol_exec_rt_system
                0x00000000000041da      0x4c6 E:\wch\6-AXIS-CH32V307-GRBL\grbl\protocol.o
                0x00000000000041da                protocol_exec_rt_system
 .text.protocol_execute_realtime
                0x00000000000046a0      0x226 E:\wch\6-AXIS-CH32V307-GRBL\grbl\protocol.o
                0x00000000000046a0                protocol_execute_realtime
 .text.protocol_main_loop
                0x00000000000048c6      0x16c E:\wch\6-AXIS-CH32V307-GRBL\grbl\protocol.o
                0x00000000000048c6                protocol_main_loop
 .text.protocol_buffer_synchronize
                0x0000000000004a32       0x38 E:\wch\6-AXIS-CH32V307-GRBL\grbl\protocol.o
                0x0000000000004a32                protocol_buffer_synchronize
 .text.report_util_line_feed
                0x0000000000004a6a        0xc E:\wch\6-AXIS-CH32V307-GRBL\grbl\report.o
 .text.report_util_feedback_line_feed
                0x0000000000004a76       0x14 E:\wch\6-AXIS-CH32V307-GRBL\grbl\report.o
 .text.report_util_axis_values
                0x0000000000004a8a       0x40 E:\wch\6-AXIS-CH32V307-GRBL\grbl\report.o
 .text.report_util_setting_prefix
                0x0000000000004aca       0x24 E:\wch\6-AXIS-CH32V307-GRBL\grbl\report.o
                0x0000000000004aca                report_util_setting_prefix
 .text.report_util_uint8_setting
                0x0000000000004aee       0x1c E:\wch\6-AXIS-CH32V307-GRBL\grbl\report.o
 .text.report_util_float_setting
                0x0000000000004b0a       0x22 E:\wch\6-AXIS-CH32V307-GRBL\grbl\report.o
 .text.report_status_message
                0x0000000000004b2c       0x32 E:\wch\6-AXIS-CH32V307-GRBL\grbl\report.o
                0x0000000000004b2c                report_status_message
 .text.report_alarm_message
                0x0000000000004b5e       0x2c E:\wch\6-AXIS-CH32V307-GRBL\grbl\report.o
                0x0000000000004b5e                report_alarm_message
 .text.report_feedback_message
                0x0000000000004b8a       0xaa E:\wch\6-AXIS-CH32V307-GRBL\grbl\report.o
                0x0000000000004b8a                report_feedback_message
 .text.report_init_message
                0x0000000000004c34        0xc E:\wch\6-AXIS-CH32V307-GRBL\grbl\report.o
                0x0000000000004c34                report_init_message
 .text.report_grbl_help
                0x0000000000004c40        0xc E:\wch\6-AXIS-CH32V307-GRBL\grbl\report.o
                0x0000000000004c40                report_grbl_help
 .text.report_grbl_settings
                0x0000000000004c4c      0x1c2 E:\wch\6-AXIS-CH32V307-GRBL\grbl\report.o
                0x0000000000004c4c                report_grbl_settings
 .text.report_probe_parameters
                0x0000000000004e0e       0x3a E:\wch\6-AXIS-CH32V307-GRBL\grbl\report.o
                0x0000000000004e0e                report_probe_parameters
 .text.report_ngc_parameters
                0x0000000000004e48       0xe0 E:\wch\6-AXIS-CH32V307-GRBL\grbl\report.o
                0x0000000000004e48                report_ngc_parameters
 .text.report_gcode_modes
                0x0000000000004f28      0x1b2 E:\wch\6-AXIS-CH32V307-GRBL\grbl\report.o
                0x0000000000004f28                report_gcode_modes
 .text.report_startup_line
                0x00000000000050da       0x34 E:\wch\6-AXIS-CH32V307-GRBL\grbl\report.o
                0x00000000000050da                report_startup_line
 .text.report_execute_startup_message
                0x000000000000510e       0x2a E:\wch\6-AXIS-CH32V307-GRBL\grbl\report.o
                0x000000000000510e                report_execute_startup_message
 .text.report_build_info
                0x0000000000005138       0x5c E:\wch\6-AXIS-CH32V307-GRBL\grbl\report.o
                0x0000000000005138                report_build_info
 .text.report_realtime_status
                0x0000000000005194      0x3b2 E:\wch\6-AXIS-CH32V307-GRBL\grbl\report.o
                0x0000000000005194                report_realtime_status
 .text.serial_get_rx_buffer_available
                0x0000000000005546       0x20 E:\wch\6-AXIS-CH32V307-GRBL\grbl\serial.o
                0x0000000000005546                serial_get_rx_buffer_available
 .text.serial_write
                0x0000000000005566       0x34 E:\wch\6-AXIS-CH32V307-GRBL\grbl\serial.o
                0x0000000000005566                serial_write
 .text.serial_read
                0x000000000000559a       0x40 E:\wch\6-AXIS-CH32V307-GRBL\grbl\serial.o
                0x000000000000559a                serial_read
 .text.USART2_IRQHandler
                0x00000000000055da      0x124 E:\wch\6-AXIS-CH32V307-GRBL\grbl\serial.o
                0x00000000000055da                USART2_IRQHandler
 .text.serial_reset_read_buffer
                0x00000000000056fe        0xa E:\wch\6-AXIS-CH32V307-GRBL\grbl\serial.o
                0x00000000000056fe                serial_reset_read_buffer
 .text.settings_store_startup_line
                0x0000000000005708       0x28 E:\wch\6-AXIS-CH32V307-GRBL\grbl\settings.o
                0x0000000000005708                settings_store_startup_line
 .text.settings_store_build_info
                0x0000000000005730        0xe E:\wch\6-AXIS-CH32V307-GRBL\grbl\settings.o
                0x0000000000005730                settings_store_build_info
 .text.settings_write_coord_data
                0x000000000000573e       0x24 E:\wch\6-AXIS-CH32V307-GRBL\grbl\settings.o
                0x000000000000573e                settings_write_coord_data
 .text.write_global_settings
                0x0000000000005762       0x22 E:\wch\6-AXIS-CH32V307-GRBL\grbl\settings.o
                0x0000000000005762                write_global_settings
 .text.settings_restore
                0x0000000000005784      0x146 E:\wch\6-AXIS-CH32V307-GRBL\grbl\settings.o
                0x0000000000005784                settings_restore
 .text.settings_read_startup_line
                0x00000000000058ca       0x40 E:\wch\6-AXIS-CH32V307-GRBL\grbl\settings.o
                0x00000000000058ca                settings_read_startup_line
 .text.settings_read_build_info
                0x000000000000590a       0x2e E:\wch\6-AXIS-CH32V307-GRBL\grbl\settings.o
                0x000000000000590a                settings_read_build_info
 .text.settings_read_coord_data
                0x0000000000005938       0x46 E:\wch\6-AXIS-CH32V307-GRBL\grbl\settings.o
                0x0000000000005938                settings_read_coord_data
 .text.read_global_settings
                0x000000000000597e       0x30 E:\wch\6-AXIS-CH32V307-GRBL\grbl\settings.o
                0x000000000000597e                read_global_settings
 .text.settings_store_global_setting
                0x00000000000059ae      0x27c E:\wch\6-AXIS-CH32V307-GRBL\grbl\settings.o
                0x00000000000059ae                settings_store_global_setting
 .text.settings_init
                0x0000000000005c2a       0x26 E:\wch\6-AXIS-CH32V307-GRBL\grbl\settings.o
                0x0000000000005c2a                settings_init
 .text.spindle_get_state
                0x0000000000005c50       0x28 E:\wch\6-AXIS-CH32V307-GRBL\grbl\spindle_control.o
                0x0000000000005c50                spindle_get_state
 .text.spindle_stop
                0x0000000000005c78       0x26 E:\wch\6-AXIS-CH32V307-GRBL\grbl\spindle_control.o
                0x0000000000005c78                spindle_stop
 .text.spindle_init
                0x0000000000005c9e      0x11e E:\wch\6-AXIS-CH32V307-GRBL\grbl\spindle_control.o
                0x0000000000005c9e                spindle_init
 .text.spindle_set_speed
                0x0000000000005dbc       0x18 E:\wch\6-AXIS-CH32V307-GRBL\grbl\spindle_control.o
                0x0000000000005dbc                spindle_set_speed
 .text.spindle_compute_pwm_value
                0x0000000000005dd4       0xb6 E:\wch\6-AXIS-CH32V307-GRBL\grbl\spindle_control.o
                0x0000000000005dd4                spindle_compute_pwm_value
 .text.spindle_set_state
                0x0000000000005e8a       0x84 E:\wch\6-AXIS-CH32V307-GRBL\grbl\spindle_control.o
                0x0000000000005e8a                spindle_set_state
 .text.spindle_sync
                0x0000000000005f0e       0x24 E:\wch\6-AXIS-CH32V307-GRBL\grbl\spindle_control.o
                0x0000000000005f0e                spindle_sync
 .text.st_wake_up
                0x0000000000005f32       0x9a E:\wch\6-AXIS-CH32V307-GRBL\grbl\stepper.o
                0x0000000000005f32                st_wake_up
 .text.st_go_idle
                0x0000000000005fcc       0x90 E:\wch\6-AXIS-CH32V307-GRBL\grbl\stepper.o
                0x0000000000005fcc                st_go_idle
 .text.TIM2_IRQHandler
                0x000000000000605c      0x2d4 E:\wch\6-AXIS-CH32V307-GRBL\grbl\stepper.o
                0x000000000000605c                TIM2_IRQHandler
 .text.TIM3_IRQHandler
                0x0000000000006330       0x42 E:\wch\6-AXIS-CH32V307-GRBL\grbl\stepper.o
                0x0000000000006330                TIM3_IRQHandler
 .text.st_generate_step_dir_invert_masks
                0x0000000000006372       0x88 E:\wch\6-AXIS-CH32V307-GRBL\grbl\stepper.o
                0x0000000000006372                st_generate_step_dir_invert_masks
 .text.st_reset
                0x00000000000063fa       0x92 E:\wch\6-AXIS-CH32V307-GRBL\grbl\stepper.o
                0x00000000000063fa                st_reset
 .text.st_update_plan_block_parameters
                0x000000000000648c       0x38 E:\wch\6-AXIS-CH32V307-GRBL\grbl\stepper.o
                0x000000000000648c                st_update_plan_block_parameters
 .text.st_prep_buffer
                0x00000000000064c4      0x802 E:\wch\6-AXIS-CH32V307-GRBL\grbl\stepper.o
                0x00000000000064c4                st_prep_buffer
 .text.st_get_realtime_rate
                0x0000000000006cc6       0x14 E:\wch\6-AXIS-CH32V307-GRBL\grbl\stepper.o
                0x0000000000006cc6                st_get_realtime_rate
 .text.TIM_Configuration
                0x0000000000006cda       0x92 E:\wch\6-AXIS-CH32V307-GRBL\grbl\stepper.o
                0x0000000000006cda                TIM_Configuration
 .text.stepper_init
                0x0000000000006d6c      0x10a E:\wch\6-AXIS-CH32V307-GRBL\grbl\stepper.o
                0x0000000000006d6c                stepper_init
 .text.system_init
                0x0000000000006e76       0x92 E:\wch\6-AXIS-CH32V307-GRBL\grbl\system.o
                0x0000000000006e76                system_init
 .text.system_control_get_state
                0x0000000000006f08       0x3a E:\wch\6-AXIS-CH32V307-GRBL\grbl\system.o
                0x0000000000006f08                system_control_get_state
 .text.EXTI9_5_IRQHandler
                0x0000000000006f42       0x50 E:\wch\6-AXIS-CH32V307-GRBL\grbl\system.o
                0x0000000000006f42                EXTI9_5_IRQHandler
 .text.system_check_safety_door_ajar
                0x0000000000006f92        0x4 E:\wch\6-AXIS-CH32V307-GRBL\grbl\system.o
                0x0000000000006f92                system_check_safety_door_ajar
 .text.system_execute_startup
                0x0000000000006f96       0x4a E:\wch\6-AXIS-CH32V307-GRBL\grbl\system.o
                0x0000000000006f96                system_execute_startup
 .text.system_flag_wco_change
                0x0000000000006fe0       0x12 E:\wch\6-AXIS-CH32V307-GRBL\grbl\system.o
                0x0000000000006fe0                system_flag_wco_change
 .text.system_convert_axis_steps_to_mpos
                0x0000000000006ff2       0x2a E:\wch\6-AXIS-CH32V307-GRBL\grbl\system.o
                0x0000000000006ff2                system_convert_axis_steps_to_mpos
 .text.system_convert_array_steps_to_mpos
                0x000000000000701c       0x3a E:\wch\6-AXIS-CH32V307-GRBL\grbl\system.o
                0x000000000000701c                system_convert_array_steps_to_mpos
 .text.system_check_travel_limits
                0x0000000000007056       0x5c E:\wch\6-AXIS-CH32V307-GRBL\grbl\system.o
                0x0000000000007056                system_check_travel_limits
 .text.system_set_exec_state_flag
                0x00000000000070b2       0x1a E:\wch\6-AXIS-CH32V307-GRBL\grbl\system.o
                0x00000000000070b2                system_set_exec_state_flag
 .text.system_execute_line
                0x00000000000070cc      0x36c E:\wch\6-AXIS-CH32V307-GRBL\grbl\system.o
                0x00000000000070cc                system_execute_line
 .text.system_clear_exec_state_flag
                0x0000000000007438       0x1e E:\wch\6-AXIS-CH32V307-GRBL\grbl\system.o
                0x0000000000007438                system_clear_exec_state_flag
 .text.system_set_exec_alarm
                0x0000000000007456       0x14 E:\wch\6-AXIS-CH32V307-GRBL\grbl\system.o
                0x0000000000007456                system_set_exec_alarm
 .text.system_clear_exec_alarm
                0x000000000000746a       0x14 E:\wch\6-AXIS-CH32V307-GRBL\grbl\system.o
                0x000000000000746a                system_clear_exec_alarm
 .text.system_set_exec_motion_override_flag
                0x000000000000747e       0x1a E:\wch\6-AXIS-CH32V307-GRBL\grbl\system.o
                0x000000000000747e                system_set_exec_motion_override_flag
 .text.system_set_exec_accessory_override_flag
                0x0000000000007498       0x1a E:\wch\6-AXIS-CH32V307-GRBL\grbl\system.o
                0x0000000000007498                system_set_exec_accessory_override_flag
 .text.system_clear_exec_motion_overrides
                0x00000000000074b2       0x14 E:\wch\6-AXIS-CH32V307-GRBL\grbl\system.o
                0x00000000000074b2                system_clear_exec_motion_overrides
 .text.system_clear_exec_accessory_overrides
                0x00000000000074c6       0x14 E:\wch\6-AXIS-CH32V307-GRBL\grbl\system.o
                0x00000000000074c6                system_clear_exec_accessory_overrides
 .text.vector_handler
                0x00000000000074da       0xbe E:\wch\6-AXIS-CH32V307-GRBL\SRC\Startup\startup_ch32v30x_D8C.o
                0x00000000000074de                Ecall_M_Mode_Handler
                0x00000000000074e0                Ecall_U_Mode_Handler
                0x00000000000074e2                Break_Point_Handler
                0x00000000000074e4                SysTick_Handler
                0x00000000000074e6                SW_Handler
                0x00000000000074e8                WWDG_IRQHandler
                0x00000000000074ea                PVD_IRQHandler
                0x00000000000074ec                TAMPER_IRQHandler
                0x00000000000074ee                RTC_IRQHandler
                0x00000000000074f0                FLASH_IRQHandler
                0x00000000000074f2                RCC_IRQHandler
                0x00000000000074f4                EXTI0_IRQHandler
                0x00000000000074f6                EXTI1_IRQHandler
                0x00000000000074f8                EXTI2_IRQHandler
                0x00000000000074fa                EXTI3_IRQHandler
                0x00000000000074fc                EXTI4_IRQHandler
                0x00000000000074fe                DMA1_Channel1_IRQHandler
                0x0000000000007500                DMA1_Channel2_IRQHandler
                0x0000000000007502                DMA1_Channel3_IRQHandler
                0x0000000000007504                DMA1_Channel4_IRQHandler
                0x0000000000007506                DMA1_Channel5_IRQHandler
                0x0000000000007508                DMA1_Channel6_IRQHandler
                0x000000000000750a                DMA1_Channel7_IRQHandler
                0x000000000000750c                ADC1_2_IRQHandler
                0x000000000000750e                USB_HP_CAN1_TX_IRQHandler
                0x0000000000007510                USB_LP_CAN1_RX0_IRQHandler
                0x0000000000007512                CAN1_RX1_IRQHandler
                0x0000000000007514                CAN1_SCE_IRQHandler
                0x0000000000007518                TIM1_BRK_IRQHandler
                0x000000000000751a                TIM1_UP_IRQHandler
                0x000000000000751c                TIM1_TRG_COM_IRQHandler
                0x000000000000751e                TIM1_CC_IRQHandler
                0x0000000000007524                TIM4_IRQHandler
                0x0000000000007526                I2C1_EV_IRQHandler
                0x0000000000007528                I2C1_ER_IRQHandler
                0x000000000000752a                I2C2_EV_IRQHandler
                0x000000000000752c                I2C2_ER_IRQHandler
                0x000000000000752e                SPI1_IRQHandler
                0x0000000000007530                SPI2_IRQHandler
                0x0000000000007532                USART1_IRQHandler
                0x0000000000007536                USART3_IRQHandler
                0x000000000000753a                RTCAlarm_IRQHandler
                0x000000000000753c                USBWakeUp_IRQHandler
                0x000000000000753e                TIM8_BRK_IRQHandler
                0x0000000000007540                TIM8_UP_IRQHandler
                0x0000000000007542                TIM8_TRG_COM_IRQHandler
                0x0000000000007544                TIM8_CC_IRQHandler
                0x0000000000007546                RNG_IRQHandler
                0x0000000000007548                FSMC_IRQHandler
                0x000000000000754a                SDIO_IRQHandler
                0x000000000000754c                TIM5_IRQHandler
                0x000000000000754e                SPI3_IRQHandler
                0x0000000000007550                UART4_IRQHandler
                0x0000000000007552                UART5_IRQHandler
                0x0000000000007554                TIM6_IRQHandler
                0x0000000000007556                TIM7_IRQHandler
                0x0000000000007558                DMA2_Channel1_IRQHandler
                0x000000000000755a                DMA2_Channel2_IRQHandler
                0x000000000000755c                DMA2_Channel3_IRQHandler
                0x000000000000755e                DMA2_Channel4_IRQHandler
                0x0000000000007560                DMA2_Channel5_IRQHandler
                0x0000000000007562                ETH_IRQHandler
                0x0000000000007564                ETH_WKUP_IRQHandler
                0x0000000000007566                CAN2_TX_IRQHandler
                0x0000000000007568                CAN2_RX0_IRQHandler
                0x000000000000756a                CAN2_RX1_IRQHandler
                0x000000000000756c                CAN2_SCE_IRQHandler
                0x000000000000756e                OTG_FS_IRQHandler
                0x0000000000007570                USBHSWakeup_IRQHandler
                0x0000000000007574                DVP_IRQHandler
                0x0000000000007576                UART6_IRQHandler
                0x0000000000007578                UART7_IRQHandler
                0x000000000000757a                UART8_IRQHandler
                0x000000000000757c                TIM9_BRK_IRQHandler
                0x000000000000757e                TIM9_UP_IRQHandler
                0x0000000000007580                TIM9_TRG_COM_IRQHandler
                0x0000000000007582                TIM9_CC_IRQHandler
                0x0000000000007584                TIM10_BRK_IRQHandler
                0x0000000000007586                TIM10_UP_IRQHandler
                0x0000000000007588                TIM10_TRG_COM_IRQHandler
                0x000000000000758a                TIM10_CC_IRQHandler
                0x000000000000758c                DMA2_Channel6_IRQHandler
                0x000000000000758e                DMA2_Channel7_IRQHandler
                0x0000000000007590                DMA2_Channel8_IRQHandler
                0x0000000000007592                DMA2_Channel9_IRQHandler
                0x0000000000007594                DMA2_Channel10_IRQHandler
                0x0000000000007596                DMA2_Channel11_IRQHandler
 .text.handle_reset
                0x0000000000007598       0x8e E:\wch\6-AXIS-CH32V307-GRBL\SRC\Startup\startup_ch32v30x_D8C.o
                0x0000000000007598                handle_reset
 .text.ceilf    0x0000000000007626       0xd4 ld\libm.a(lib_a-sf_ceil.o)
                0x0000000000007626                ceilf
 .text.cosf     0x00000000000076fa       0x82 ld\libm.a(lib_a-sf_cos.o)
                0x00000000000076fa                cosf
 .text.floorf   0x000000000000777c       0xcc ld\libm.a(lib_a-sf_floor.o)
                0x000000000000777c                floorf
 .text.lroundf  0x0000000000007848       0x78 ld\libm.a(lib_a-sf_lround.o)
                0x0000000000007848                lroundf
 .text.sinf     0x00000000000078c0       0x84 ld\libm.a(lib_a-sf_sin.o)
                0x00000000000078c0                sinf
 .text.truncf   0x0000000000007944       0x32 ld\libm.a(lib_a-sf_trunc.o)
                0x0000000000007944                truncf
 .text.atan2f   0x0000000000007976        0x2 ld\libm.a(lib_a-wf_atan2.o)
                0x0000000000007976                atan2f
 .text.sqrtf    0x0000000000007978       0xb8 ld\libm.a(lib_a-wf_sqrt.o)
                0x0000000000007978                sqrtf
 .text.__ieee754_atan2f
                0x0000000000007a30      0x198 ld\libm.a(lib_a-ef_atan2.o)
                0x0000000000007a30                __ieee754_atan2f
 .text.__ieee754_rem_pio2f
                0x0000000000007bc8      0x354 ld\libm.a(lib_a-ef_rem_pio2.o)
                0x0000000000007bc8                __ieee754_rem_pio2f
 .text.__ieee754_sqrtf
                0x0000000000007f1c       0xdc ld\libm.a(lib_a-ef_sqrt.o)
                0x0000000000007f1c                __ieee754_sqrtf
 .text.__kernel_cosf
                0x0000000000007ff8      0x20e ld\libm.a(lib_a-kf_cos.o)
                0x0000000000007ff8                __kernel_cosf
 .text.__kernel_rem_pio2f
                0x0000000000008206      0x7e4 ld\libm.a(lib_a-kf_rem_pio2.o)
                0x0000000000008206                __kernel_rem_pio2f
 .text.__kernel_sinf
                0x00000000000089ea      0x12c ld\libm.a(lib_a-kf_sin.o)
                0x00000000000089ea                __kernel_sinf
 .text.matherr  0x0000000000008b16        0x4 ld\libm.a(lib_a-s_matherr.o)
                0x0000000000008b16                matherr
 .text.atanf    0x0000000000008b1a      0x288 ld\libm.a(lib_a-sf_atan.o)
                0x0000000000008b1a                atanf
 .text.fabsf    0x0000000000008da2        0x6 ld\libm.a(lib_a-sf_fabs.o)
                0x0000000000008da2                fabsf
 .text.scalbnf  0x0000000000008da8       0xe0 ld\libm.a(lib_a-sf_scalbn.o)
                0x0000000000008da8                scalbnf
 .text.copysignf
                0x0000000000008e88       0x10 ld\libm.a(lib_a-sf_copysign.o)
                0x0000000000008e88                copysignf
 .text.__adddf3
                0x0000000000008e98      0x730 e:/risc5ide_2010/risc-vembeddedgcc/bin/../lib/gcc/riscv-none-embed/8.2.0/rv32imac/ilp32\libgcc.a(adddf3.o)
                0x0000000000008e98                __adddf3
 .text.__divdf3
                0x00000000000095c8      0x5b4 e:/risc5ide_2010/risc-vembeddedgcc/bin/../lib/gcc/riscv-none-embed/8.2.0/rv32imac/ilp32\libgcc.a(divdf3.o)
                0x00000000000095c8                __divdf3
 .text.__gedf2  0x0000000000009b7c       0xae e:/risc5ide_2010/risc-vembeddedgcc/bin/../lib/gcc/riscv-none-embed/8.2.0/rv32imac/ilp32\libgcc.a(gedf2.o)
                0x0000000000009b7c                __gedf2
                0x0000000000009b7c                __gtdf2
 .text.__ledf2  0x0000000000009c2a       0xb6 e:/risc5ide_2010/risc-vembeddedgcc/bin/../lib/gcc/riscv-none-embed/8.2.0/rv32imac/ilp32\libgcc.a(ledf2.o)
                0x0000000000009c2a                __ledf2
                0x0000000000009c2a                __ltdf2
 .text.__subdf3
                0x0000000000009ce0      0x73e e:/risc5ide_2010/risc-vembeddedgcc/bin/../lib/gcc/riscv-none-embed/8.2.0/rv32imac/ilp32\libgcc.a(subdf3.o)
                0x0000000000009ce0                __subdf3
 .text.__addsf3
                0x000000000000a41e      0x36a e:/risc5ide_2010/risc-vembeddedgcc/bin/../lib/gcc/riscv-none-embed/8.2.0/rv32imac/ilp32\libgcc.a(addsf3.o)
                0x000000000000a41e                __addsf3
 .text.__divsf3
                0x000000000000a788      0x2b2 e:/risc5ide_2010/risc-vembeddedgcc/bin/../lib/gcc/riscv-none-embed/8.2.0/rv32imac/ilp32\libgcc.a(divsf3.o)
                0x000000000000a788                __divsf3
 .text.__eqsf2  0x000000000000aa3a       0x5c e:/risc5ide_2010/risc-vembeddedgcc/bin/../lib/gcc/riscv-none-embed/8.2.0/rv32imac/ilp32\libgcc.a(eqsf2.o)
                0x000000000000aa3a                __eqsf2
                0x000000000000aa3a                __nesf2
 .text.__gesf2  0x000000000000aa96       0x86 e:/risc5ide_2010/risc-vembeddedgcc/bin/../lib/gcc/riscv-none-embed/8.2.0/rv32imac/ilp32\libgcc.a(gesf2.o)
                0x000000000000aa96                __gesf2
                0x000000000000aa96                __gtsf2
 .text.__lesf2  0x000000000000ab1c       0x8c e:/risc5ide_2010/risc-vembeddedgcc/bin/../lib/gcc/riscv-none-embed/8.2.0/rv32imac/ilp32\libgcc.a(lesf2.o)
                0x000000000000ab1c                __ltsf2
                0x000000000000ab1c                __lesf2
 .text.__mulsf3
                0x000000000000aba8      0x294 e:/risc5ide_2010/risc-vembeddedgcc/bin/../lib/gcc/riscv-none-embed/8.2.0/rv32imac/ilp32\libgcc.a(mulsf3.o)
                0x000000000000aba8                __mulsf3
 .text.__subsf3
                0x000000000000ae3c      0x388 e:/risc5ide_2010/risc-vembeddedgcc/bin/../lib/gcc/riscv-none-embed/8.2.0/rv32imac/ilp32\libgcc.a(subsf3.o)
                0x000000000000ae3c                __subsf3
 .text.__unordsf2
                0x000000000000b1c4       0x3c e:/risc5ide_2010/risc-vembeddedgcc/bin/../lib/gcc/riscv-none-embed/8.2.0/rv32imac/ilp32\libgcc.a(unordsf2.o)
                0x000000000000b1c4                __unordsf2
 .text.__fixsfsi
                0x000000000000b200       0x62 e:/risc5ide_2010/risc-vembeddedgcc/bin/../lib/gcc/riscv-none-embed/8.2.0/rv32imac/ilp32\libgcc.a(fixsfsi.o)
                0x000000000000b200                __fixsfsi
 .text.__fixunssfsi
                0x000000000000b262       0x56 e:/risc5ide_2010/risc-vembeddedgcc/bin/../lib/gcc/riscv-none-embed/8.2.0/rv32imac/ilp32\libgcc.a(fixunssfsi.o)
                0x000000000000b262                __fixunssfsi
 .text.__floatsisf
                0x000000000000b2b8       0xc6 e:/risc5ide_2010/risc-vembeddedgcc/bin/../lib/gcc/riscv-none-embed/8.2.0/rv32imac/ilp32\libgcc.a(floatsisf.o)
                0x000000000000b2b8                __floatsisf
 .text.__floatunsisf
                0x000000000000b37e       0xce e:/risc5ide_2010/risc-vembeddedgcc/bin/../lib/gcc/riscv-none-embed/8.2.0/rv32imac/ilp32\libgcc.a(floatunsisf.o)
                0x000000000000b37e                __floatunsisf
 .text.__extendsfdf2
                0x000000000000b44c       0xac e:/risc5ide_2010/risc-vembeddedgcc/bin/../lib/gcc/riscv-none-embed/8.2.0/rv32imac/ilp32\libgcc.a(extendsfdf2.o)
                0x000000000000b44c                __extendsfdf2
 .text.__truncdfsf2
                0x000000000000b4f8      0x16a e:/risc5ide_2010/risc-vembeddedgcc/bin/../lib/gcc/riscv-none-embed/8.2.0/rv32imac/ilp32\libgcc.a(truncdfsf2.o)
                0x000000000000b4f8                __truncdfsf2
 .text.__clzsi2
                0x000000000000b662       0x76 e:/risc5ide_2010/risc-vembeddedgcc/bin/../lib/gcc/riscv-none-embed/8.2.0/rv32imac/ilp32\libgcc.a(_clzsi2.o)
                0x000000000000b662                __clzsi2
 .text.__errno  0x000000000000b6d8        0x8 e:/risc5ide_2010/risc-vembeddedgcc/bin/../lib/gcc/riscv-none-embed/8.2.0/../../../../riscv-none-embed/lib/rv32imac/ilp32\libc_nano.a(lib_a-errno.o)
                0x000000000000b6d8                __errno
 .text.memcmp   0x000000000000b6e0       0x26 e:/risc5ide_2010/risc-vembeddedgcc/bin/../lib/gcc/riscv-none-embed/8.2.0/../../../../riscv-none-embed/lib/rv32imac/ilp32\libc_nano.a(lib_a-memcmp.o)
                0x000000000000b6e0                memcmp
 .text.memcpy   0x000000000000b706       0xb6 e:/risc5ide_2010/risc-vembeddedgcc/bin/../lib/gcc/riscv-none-embed/8.2.0/../../../../riscv-none-embed/lib/rv32imac/ilp32\libc_nano.a(lib_a-memcpy.o)
                0x000000000000b706                memcpy
 *(.rodata)
 *(.rodata*)
 .rodata.USBHS_IRQHandler
                0x000000000000b7bc       0x6c E:\wch\6-AXIS-CH32V307-GRBL\app\ch32v30x_usbhs_device.o
 .rodata.MyBOSDesc
                0x000000000000b828       0x16 E:\wch\6-AXIS-CH32V307-GRBL\app\ch32v30x_usbhs_device.o
                0x000000000000b828                MyBOSDesc
 *fill*         0x000000000000b83e        0x2 
 .rodata.MyCfgDescr_FS
                0x000000000000b840       0x2e E:\wch\6-AXIS-CH32V307-GRBL\app\ch32v30x_usbhs_device.o
                0x000000000000b840                MyCfgDescr_FS
 *fill*         0x000000000000b86e        0x2 
 .rodata.MyCfgDescr_HS
                0x000000000000b870       0x2e E:\wch\6-AXIS-CH32V307-GRBL\app\ch32v30x_usbhs_device.o
                0x000000000000b870                MyCfgDescr_HS
 *fill*         0x000000000000b89e        0x2 
 .rodata.MyInterfInfo
                0x000000000000b8a0       0x14 E:\wch\6-AXIS-CH32V307-GRBL\app\ch32v30x_usbhs_device.o
                0x000000000000b8a0                MyInterfInfo
 .rodata.MyProdInfo
                0x000000000000b8b4       0x1a E:\wch\6-AXIS-CH32V307-GRBL\app\ch32v30x_usbhs_device.o
                0x000000000000b8b4                MyProdInfo
 *fill*         0x000000000000b8ce        0x2 
 .rodata.MySerNumInfo
                0x000000000000b8d0       0x12 E:\wch\6-AXIS-CH32V307-GRBL\app\ch32v30x_usbhs_device.o
                0x000000000000b8d0                MySerNumInfo
 *fill*         0x000000000000b8e2        0x2 
 .rodata.MyUSBQUADesc
                0x000000000000b8e4        0xa E:\wch\6-AXIS-CH32V307-GRBL\app\ch32v30x_usbhs_device.o
                0x000000000000b8e4                MyUSBQUADesc
 *fill*         0x000000000000b8ee        0x2 
 .rodata.gc_execute_line
                0x000000000000b8f0       0x68 E:\wch\6-AXIS-CH32V307-GRBL\grbl\gcode.o
 .rodata.gc_execute_line.cst4
                0x000000000000b958       0x1c E:\wch\6-AXIS-CH32V307-GRBL\grbl\gcode.o
 .rodata.limits_go_home.cst4
                0x000000000000b974        0x8 E:\wch\6-AXIS-CH32V307-GRBL\grbl\limits.o
 .rodata.mc_arc.cst4
                0x000000000000b97c        0x8 E:\wch\6-AXIS-CH32V307-GRBL\grbl\motion_control.o
                                         0x10 (size before relaxing)
 *fill*         0x000000000000b984        0x4 
 .rodata.mc_arc.cst8
                0x000000000000b988       0x18 E:\wch\6-AXIS-CH32V307-GRBL\grbl\motion_control.o
 .rodata.convert_delta_vector_to_unit_vector.cst4
                0x000000000000b9a0        0x4 E:\wch\6-AXIS-CH32V307-GRBL\grbl\nuts_bolts.o
 .rodata.delay_sec.cst4
                0x000000000000b9a4        0x4 E:\wch\6-AXIS-CH32V307-GRBL\grbl\nuts_bolts.o
 .rodata.limit_value_by_axis_maximum.cst4
                0x000000000000b9a8        0x4 E:\wch\6-AXIS-CH32V307-GRBL\grbl\nuts_bolts.o
 .rodata.read_float.cst4
                0x000000000000b9ac        0xc E:\wch\6-AXIS-CH32V307-GRBL\grbl\nuts_bolts.o
 .rodata.plan_buffer_line.cst4
                0x000000000000b9b8        0x8 E:\wch\6-AXIS-CH32V307-GRBL\grbl\planner.o
                                          0xc (size before relaxing)
 .rodata.plan_compute_profile_nominal_speed.cst4
                0x000000000000b9c0        0x8 E:\wch\6-AXIS-CH32V307-GRBL\grbl\planner.o
 .rodata.plan_update_velocity_profile_parameters.cst4
                0x000000000000b9c0        0x4 E:\wch\6-AXIS-CH32V307-GRBL\grbl\planner.o
 .rodata.printFloat.cst4
                0x000000000000b9c0        0xc E:\wch\6-AXIS-CH32V307-GRBL\grbl\print.o
 .rodata.printFloat_CoordValue.cst4
                0x000000000000b9c0        0x4 E:\wch\6-AXIS-CH32V307-GRBL\grbl\print.o
 .rodata.protocol_execute_realtime.cst4
                0x000000000000b9c4        0x8 E:\wch\6-AXIS-CH32V307-GRBL\grbl\protocol.o
 .rodata.report_feedback_message
                0x000000000000b9c4       0x2c E:\wch\6-AXIS-CH32V307-GRBL\grbl\report.o
 .rodata.report_alarm_message.str1.4
                0x000000000000b9f0        0x7 E:\wch\6-AXIS-CH32V307-GRBL\grbl\report.o
 *fill*         0x000000000000b9f7        0x1 
 .rodata.report_build_info.str1.4
                0x000000000000b9f8       0x1a E:\wch\6-AXIS-CH32V307-GRBL\grbl\report.o
 *fill*         0x000000000000ba12        0x2 
 .rodata.report_feedback_message.str1.4
                0x000000000000ba14       0xad E:\wch\6-AXIS-CH32V307-GRBL\grbl\report.o
 *fill*         0x000000000000bac1        0x3 
 .rodata.report_gcode_modes.str1.4
                0x000000000000bac4       0x1f E:\wch\6-AXIS-CH32V307-GRBL\grbl\report.o
 *fill*         0x000000000000bae3        0x1 
 .rodata.report_grbl_help.str1.4
                0x000000000000bae4       0x4a E:\wch\6-AXIS-CH32V307-GRBL\grbl\report.o
 *fill*         0x000000000000bb2e        0x2 
 .rodata.report_grbl_settings.cst4
                0x000000000000bb30        0x4 E:\wch\6-AXIS-CH32V307-GRBL\grbl\report.o
 .rodata.report_init_message.str1.4
                0x000000000000bb34       0x1d E:\wch\6-AXIS-CH32V307-GRBL\grbl\report.o
 *fill*         0x000000000000bb51        0x3 
 .rodata.report_ngc_parameters.str1.4
                0x000000000000bb54       0x1a E:\wch\6-AXIS-CH32V307-GRBL\grbl\report.o
 *fill*         0x000000000000bb6e        0x2 
 .rodata.report_probe_parameters.str1.4
                0x000000000000bb70        0x6 E:\wch\6-AXIS-CH32V307-GRBL\grbl\report.o
 *fill*         0x000000000000bb76        0x2 
 .rodata.report_realtime_status.str1.4
                0x000000000000bb78       0x7c E:\wch\6-AXIS-CH32V307-GRBL\grbl\report.o
 .rodata.report_startup_line.str1.4
                0x000000000000bbf4        0x3 E:\wch\6-AXIS-CH32V307-GRBL\grbl\report.o
 *fill*         0x000000000000bbf7        0x1 
 .rodata.report_status_message.str1.4
                0x000000000000bbf8        0xf E:\wch\6-AXIS-CH32V307-GRBL\grbl\report.o
 *fill*         0x000000000000bc07        0x1 
 .rodata.report_util_line_feed.str1.4
                0x000000000000bc08        0x3 E:\wch\6-AXIS-CH32V307-GRBL\grbl\report.o
 *fill*         0x000000000000bc0b        0x1 
 .rodata.USART2_IRQHandler
                0x000000000000bc0c       0x78 E:\wch\6-AXIS-CH32V307-GRBL\grbl\serial.o
 .rodata.settings_store_global_setting
                0x000000000000bc84       0x84 E:\wch\6-AXIS-CH32V307-GRBL\grbl\settings.o
 .rodata.settings_restore.cst4
                0x000000000000bd08       0x1c E:\wch\6-AXIS-CH32V307-GRBL\grbl\settings.o
                                         0x28 (size before relaxing)
 .rodata.settings_store_global_setting.cst4
                0x000000000000bd24        0x4 E:\wch\6-AXIS-CH32V307-GRBL\grbl\settings.o
 .rodata.spindle_compute_pwm_value.cst4
                0x000000000000bd28        0x4 E:\wch\6-AXIS-CH32V307-GRBL\grbl\spindle_control.o
 .rodata.spindle_init.cst4
                0x000000000000bd28        0x4 E:\wch\6-AXIS-CH32V307-GRBL\grbl\spindle_control.o
 .rodata.direction_pin_mask
                0x000000000000bd2c        0xa E:\wch\6-AXIS-CH32V307-GRBL\grbl\stepper.o
                0x000000000000bd2c                direction_pin_mask
 *fill*         0x000000000000bd36        0x2 
 .rodata.limit_pin_mask
                0x000000000000bd38        0xa E:\wch\6-AXIS-CH32V307-GRBL\grbl\stepper.o
                0x000000000000bd38                limit_pin_mask
 *fill*         0x000000000000bd42        0x2 
 .rodata.st_prep_buffer.cst4
                0x000000000000bd44        0x8 E:\wch\6-AXIS-CH32V307-GRBL\grbl\stepper.o
                                         0x14 (size before relaxing)
 .rodata.step_pin_mask
                0x000000000000bd4c        0xa E:\wch\6-AXIS-CH32V307-GRBL\grbl\stepper.o
                0x000000000000bd4c                step_pin_mask
 .rodata.system_execute_line.cst4
                0x000000000000bd56        0x4 E:\wch\6-AXIS-CH32V307-GRBL\grbl\system.o
 *fill*         0x000000000000bd56        0x2 
 .rodata.ceilf.cst4
                0x000000000000bd58        0x8 ld\libm.a(lib_a-sf_ceil.o)
                                          0xc (size before relaxing)
 .rodata.floorf.cst4
                0x000000000000bd60        0x4 ld\libm.a(lib_a-sf_floor.o)
                                          0x8 (size before relaxing)
 .rodata.sqrtf.str1.4
                0x000000000000bd64        0x8 ld\libm.a(lib_a-wf_sqrt.o)
                                          0x6 (size before relaxing)
 .rodata.__ieee754_atan2f.cst4
                0x000000000000bd6c       0x24 ld\libm.a(lib_a-ef_atan2.o)
                                         0x28 (size before relaxing)
 .rodata.__ieee754_rem_pio2f.cst4
                0x000000000000bd90       0x20 ld\libm.a(lib_a-ef_rem_pio2.o)
                                         0x24 (size before relaxing)
 .rodata.npio2_hw
                0x000000000000bdb0       0x80 ld\libm.a(lib_a-ef_rem_pio2.o)
 .rodata.two_over_pi
                0x000000000000be30      0x318 ld\libm.a(lib_a-ef_rem_pio2.o)
 .rodata.__kernel_cosf.cst4
                0x000000000000c148       0x20 ld\libm.a(lib_a-kf_cos.o)
                                         0x28 (size before relaxing)
 .rodata.PIo2   0x000000000000c168       0x2c ld\libm.a(lib_a-kf_rem_pio2.o)
 .rodata.__kernel_rem_pio2f.cst4
                0x000000000000c194       0x10 ld\libm.a(lib_a-kf_rem_pio2.o)
                                         0x1c (size before relaxing)
 .rodata.init_jk
                0x000000000000c1a4        0xc ld\libm.a(lib_a-kf_rem_pio2.o)
 .rodata.__kernel_sinf.cst4
                0x000000000000c1b0       0x14 ld\libm.a(lib_a-kf_sin.o)
                                         0x1c (size before relaxing)
 .rodata.atanf.cst4
                0x000000000000c1c4       0x2c ld\libm.a(lib_a-sf_atan.o)
                                         0x48 (size before relaxing)
 .rodata.atanhi
                0x000000000000c1f0       0x10 ld\libm.a(lib_a-sf_atan.o)
 .rodata.atanlo
                0x000000000000c200       0x10 ld\libm.a(lib_a-sf_atan.o)
 .rodata.scalbnf.cst4
                0x000000000000c210        0xc ld\libm.a(lib_a-sf_scalbn.o)
                                         0x10 (size before relaxing)
 .rodata.__divdf3
                0x000000000000c21c       0x40 e:/risc5ide_2010/risc-vembeddedgcc/bin/../lib/gcc/riscv-none-embed/8.2.0/rv32imac/ilp32\libgcc.a(divdf3.o)
 .rodata.__divsf3
                0x000000000000c25c       0x80 e:/risc5ide_2010/risc-vembeddedgcc/bin/../lib/gcc/riscv-none-embed/8.2.0/rv32imac/ilp32\libgcc.a(divsf3.o)
 .rodata.__mulsf3
                0x000000000000c2dc       0x40 e:/risc5ide_2010/risc-vembeddedgcc/bin/../lib/gcc/riscv-none-embed/8.2.0/rv32imac/ilp32\libgcc.a(mulsf3.o)
 .rodata.__clz_tab
                0x000000000000c31c      0x100 e:/risc5ide_2010/risc-vembeddedgcc/bin/../lib/gcc/riscv-none-embed/8.2.0/rv32imac/ilp32\libgcc.a(_clz.o)
                0x000000000000c31c                __clz_tab
 *(.gnu.linkonce.t.*)
                0x000000000000c41c                . = ALIGN (0x4)

.rela.dyn       0x000000000000c41c        0x0
 .rela.text.startup.main
                0x000000000000c41c        0x0 E:\wch\6-AXIS-CH32V307-GRBL\app\ch32v30x_it.o
 .rela.text.USBHS_Device_Endp_Init
                0x000000000000c41c        0x0 E:\wch\6-AXIS-CH32V307-GRBL\app\ch32v30x_it.o
 .rela.text.USBHS_IRQHandler
                0x000000000000c41c        0x0 E:\wch\6-AXIS-CH32V307-GRBL\app\ch32v30x_it.o
 .rela.text.coolant_set_state
                0x000000000000c41c        0x0 E:\wch\6-AXIS-CH32V307-GRBL\app\ch32v30x_it.o
 .rela.text.coolant_sync
                0x000000000000c41c        0x0 E:\wch\6-AXIS-CH32V307-GRBL\app\ch32v30x_it.o
 .rela.text.eeprom_flush
                0x000000000000c41c        0x0 E:\wch\6-AXIS-CH32V307-GRBL\app\ch32v30x_it.o
 .rela.text.eeprom_init
                0x000000000000c41c        0x0 E:\wch\6-AXIS-CH32V307-GRBL\app\ch32v30x_it.o
 .rela.text.eeprom_get_char
                0x000000000000c41c        0x0 E:\wch\6-AXIS-CH32V307-GRBL\app\ch32v30x_it.o
 .rela.text.eeprom_put_char
                0x000000000000c41c        0x0 E:\wch\6-AXIS-CH32V307-GRBL\app\ch32v30x_it.o
 .rela.text.memcpy_to_eeprom_with_checksum
                0x000000000000c41c        0x0 E:\wch\6-AXIS-CH32V307-GRBL\app\ch32v30x_it.o
 .rela.text.memcpy_from_eeprom_with_checksum
                0x000000000000c41c        0x0 E:\wch\6-AXIS-CH32V307-GRBL\app\ch32v30x_it.o
 .rela.text.gc_init
                0x000000000000c41c        0x0 E:\wch\6-AXIS-CH32V307-GRBL\app\ch32v30x_it.o
 .rela.text.gc_sync_position
                0x000000000000c41c        0x0 E:\wch\6-AXIS-CH32V307-GRBL\app\ch32v30x_it.o
 .rela.text.gc_execute_line
                0x000000000000c41c        0x0 E:\wch\6-AXIS-CH32V307-GRBL\app\ch32v30x_it.o
 .rela.text.jog_execute
                0x000000000000c41c        0x0 E:\wch\6-AXIS-CH32V307-GRBL\app\ch32v30x_it.o
 .rela.text.limits_init
                0x000000000000c41c        0x0 E:\wch\6-AXIS-CH32V307-GRBL\app\ch32v30x_it.o
 .rela.text.limits_get_state
                0x000000000000c41c        0x0 E:\wch\6-AXIS-CH32V307-GRBL\app\ch32v30x_it.o
 .rela.text.EXTI15_10_IRQHandler
                0x000000000000c41c        0x0 E:\wch\6-AXIS-CH32V307-GRBL\app\ch32v30x_it.o
 .rela.text.limits_go_home
                0x000000000000c41c        0x0 E:\wch\6-AXIS-CH32V307-GRBL\app\ch32v30x_it.o
 .rela.text.limits_soft_check
                0x000000000000c41c        0x0 E:\wch\6-AXIS-CH32V307-GRBL\app\ch32v30x_it.o
 .rela.text.mc_line
                0x000000000000c41c        0x0 E:\wch\6-AXIS-CH32V307-GRBL\app\ch32v30x_it.o
 .rela.text.mc_arc
                0x000000000000c41c        0x0 E:\wch\6-AXIS-CH32V307-GRBL\app\ch32v30x_it.o
 .rela.text.mc_dwell
                0x000000000000c41c        0x0 E:\wch\6-AXIS-CH32V307-GRBL\app\ch32v30x_it.o
 .rela.text.mc_homing_cycle
                0x000000000000c41c        0x0 E:\wch\6-AXIS-CH32V307-GRBL\app\ch32v30x_it.o
 .rela.text.mc_probe_cycle
                0x000000000000c41c        0x0 E:\wch\6-AXIS-CH32V307-GRBL\app\ch32v30x_it.o
 .rela.text.mc_reset
                0x000000000000c41c        0x0 E:\wch\6-AXIS-CH32V307-GRBL\app\ch32v30x_it.o
 .rela.text.delay_sec
                0x000000000000c41c        0x0 E:\wch\6-AXIS-CH32V307-GRBL\app\ch32v30x_it.o
 .rela.text.plan_compute_profile_nominal_speed
                0x000000000000c41c        0x0 E:\wch\6-AXIS-CH32V307-GRBL\app\ch32v30x_it.o
 .rela.text.plan_buffer_line
                0x000000000000c41c        0x0 E:\wch\6-AXIS-CH32V307-GRBL\app\ch32v30x_it.o
 .rela.text.plan_sync_position
                0x000000000000c41c        0x0 E:\wch\6-AXIS-CH32V307-GRBL\app\ch32v30x_it.o
 .rela.text.printFloat_CoordValue
                0x000000000000c41c        0x0 E:\wch\6-AXIS-CH32V307-GRBL\app\ch32v30x_it.o
 .rela.text.printFloat_RateValue
                0x000000000000c41c        0x0 E:\wch\6-AXIS-CH32V307-GRBL\app\ch32v30x_it.o
 .rela.text.probe_configure_invert_mask
                0x000000000000c41c        0x0 E:\wch\6-AXIS-CH32V307-GRBL\app\ch32v30x_it.o
 .rela.text.probe_get_state
                0x000000000000c41c        0x0 E:\wch\6-AXIS-CH32V307-GRBL\app\ch32v30x_it.o
 .rela.text.probe_state_monitor
                0x000000000000c41c        0x0 E:\wch\6-AXIS-CH32V307-GRBL\app\ch32v30x_it.o
 .rela.text.protocol_exec_rt_system
                0x000000000000c41c        0x0 E:\wch\6-AXIS-CH32V307-GRBL\app\ch32v30x_it.o
 .rela.text.protocol_execute_realtime
                0x000000000000c41c        0x0 E:\wch\6-AXIS-CH32V307-GRBL\app\ch32v30x_it.o
 .rela.text.protocol_main_loop
                0x000000000000c41c        0x0 E:\wch\6-AXIS-CH32V307-GRBL\app\ch32v30x_it.o
 .rela.text.protocol_buffer_synchronize
                0x000000000000c41c        0x0 E:\wch\6-AXIS-CH32V307-GRBL\app\ch32v30x_it.o
 .rela.text.report_grbl_settings
                0x000000000000c41c        0x0 E:\wch\6-AXIS-CH32V307-GRBL\app\ch32v30x_it.o
 .rela.text.report_probe_parameters
                0x000000000000c41c        0x0 E:\wch\6-AXIS-CH32V307-GRBL\app\ch32v30x_it.o
 .rela.text.report_ngc_parameters
                0x000000000000c41c        0x0 E:\wch\6-AXIS-CH32V307-GRBL\app\ch32v30x_it.o
 .rela.text.report_gcode_modes
                0x000000000000c41c        0x0 E:\wch\6-AXIS-CH32V307-GRBL\app\ch32v30x_it.o
 .rela.text.report_realtime_status
                0x000000000000c41c        0x0 E:\wch\6-AXIS-CH32V307-GRBL\app\ch32v30x_it.o
 .rela.text.serial_read
                0x000000000000c41c        0x0 E:\wch\6-AXIS-CH32V307-GRBL\app\ch32v30x_it.o
 .rela.text.USART2_IRQHandler
                0x000000000000c41c        0x0 E:\wch\6-AXIS-CH32V307-GRBL\app\ch32v30x_it.o
 .rela.text.write_global_settings
                0x000000000000c41c        0x0 E:\wch\6-AXIS-CH32V307-GRBL\app\ch32v30x_it.o
 .rela.text.settings_restore
                0x000000000000c41c        0x0 E:\wch\6-AXIS-CH32V307-GRBL\app\ch32v30x_it.o
 .rela.text.read_global_settings
                0x000000000000c41c        0x0 E:\wch\6-AXIS-CH32V307-GRBL\app\ch32v30x_it.o
 .rela.text.settings_store_global_setting
                0x000000000000c41c        0x0 E:\wch\6-AXIS-CH32V307-GRBL\app\ch32v30x_it.o
 .rela.text.spindle_init
                0x000000000000c41c        0x0 E:\wch\6-AXIS-CH32V307-GRBL\app\ch32v30x_it.o
 .rela.text.spindle_compute_pwm_value
                0x000000000000c41c        0x0 E:\wch\6-AXIS-CH32V307-GRBL\app\ch32v30x_it.o
 .rela.text.spindle_set_state
                0x000000000000c41c        0x0 E:\wch\6-AXIS-CH32V307-GRBL\app\ch32v30x_it.o
 .rela.text.spindle_sync
                0x000000000000c41c        0x0 E:\wch\6-AXIS-CH32V307-GRBL\app\ch32v30x_it.o
 .rela.text.st_wake_up
                0x000000000000c41c        0x0 E:\wch\6-AXIS-CH32V307-GRBL\app\ch32v30x_it.o
 .rela.text.st_go_idle
                0x000000000000c41c        0x0 E:\wch\6-AXIS-CH32V307-GRBL\app\ch32v30x_it.o
 .rela.text.TIM2_IRQHandler
                0x000000000000c41c        0x0 E:\wch\6-AXIS-CH32V307-GRBL\app\ch32v30x_it.o
 .rela.text.st_generate_step_dir_invert_masks
                0x000000000000c41c        0x0 E:\wch\6-AXIS-CH32V307-GRBL\app\ch32v30x_it.o
 .rela.text.st_prep_buffer
                0x000000000000c41c        0x0 E:\wch\6-AXIS-CH32V307-GRBL\app\ch32v30x_it.o
 .rela.text.st_get_realtime_rate
                0x000000000000c41c        0x0 E:\wch\6-AXIS-CH32V307-GRBL\app\ch32v30x_it.o
 .rela.text.EXTI9_5_IRQHandler
                0x000000000000c41c        0x0 E:\wch\6-AXIS-CH32V307-GRBL\app\ch32v30x_it.o
 .rela.text.system_flag_wco_change
                0x000000000000c41c        0x0 E:\wch\6-AXIS-CH32V307-GRBL\app\ch32v30x_it.o
 .rela.text.system_convert_axis_steps_to_mpos
                0x000000000000c41c        0x0 E:\wch\6-AXIS-CH32V307-GRBL\app\ch32v30x_it.o
 .rela.text.system_check_travel_limits
                0x000000000000c41c        0x0 E:\wch\6-AXIS-CH32V307-GRBL\app\ch32v30x_it.o
 .rela.text.system_set_exec_state_flag
                0x000000000000c41c        0x0 E:\wch\6-AXIS-CH32V307-GRBL\app\ch32v30x_it.o
 .rela.text.system_execute_line
                0x000000000000c41c        0x0 E:\wch\6-AXIS-CH32V307-GRBL\app\ch32v30x_it.o
 .rela.text.system_clear_exec_state_flag
                0x000000000000c41c        0x0 E:\wch\6-AXIS-CH32V307-GRBL\app\ch32v30x_it.o
 .rela.text.system_set_exec_alarm
                0x000000000000c41c        0x0 E:\wch\6-AXIS-CH32V307-GRBL\app\ch32v30x_it.o
 .rela.text.system_clear_exec_alarm
                0x000000000000c41c        0x0 E:\wch\6-AXIS-CH32V307-GRBL\app\ch32v30x_it.o
 .rela.text.system_set_exec_motion_override_flag
                0x000000000000c41c        0x0 E:\wch\6-AXIS-CH32V307-GRBL\app\ch32v30x_it.o
 .rela.text.system_set_exec_accessory_override_flag
                0x000000000000c41c        0x0 E:\wch\6-AXIS-CH32V307-GRBL\app\ch32v30x_it.o
 .rela.text.system_clear_exec_motion_overrides
                0x000000000000c41c        0x0 E:\wch\6-AXIS-CH32V307-GRBL\app\ch32v30x_it.o
 .rela.text.system_clear_exec_accessory_overrides
                0x000000000000c41c        0x0 E:\wch\6-AXIS-CH32V307-GRBL\app\ch32v30x_it.o
 .rela.init     0x000000000000c41c        0x0 E:\wch\6-AXIS-CH32V307-GRBL\app\ch32v30x_it.o
 .rela.vector   0x000000000000c41c        0x0 E:\wch\6-AXIS-CH32V307-GRBL\app\ch32v30x_it.o
 .rela.text.handle_reset
                0x000000000000c41c        0x0 E:\wch\6-AXIS-CH32V307-GRBL\app\ch32v30x_it.o
 .rela.data.impure_data
                0x000000000000c41c        0x0 E:\wch\6-AXIS-CH32V307-GRBL\app\ch32v30x_it.o

.fini           0x000000000000c41c        0x0
 *(SORT_NONE(.fini))
                0x000000000000c41c                . = ALIGN (0x4)
                [!provide]                        PROVIDE (_etext = .)
                [!provide]                        PROVIDE (_eitcm = .)

.preinit_array  0x000000000000c41c        0x0
                [!provide]                        PROVIDE (__preinit_array_start = .)
 *(.preinit_array)
                [!provide]                        PROVIDE (__preinit_array_end = .)

.init_array     0x000000000000c41c        0x0
                [!provide]                        PROVIDE (__init_array_start = .)
 *(SORT_BY_INIT_PRIORITY(.init_array.*) SORT_BY_INIT_PRIORITY(.ctors.*))
 *(.init_array EXCLUDE_FILE(*crtend?.o *crtend.o *crtbegin?.o *crtbegin.o) .ctors)
                [!provide]                        PROVIDE (__init_array_end = .)

.fini_array     0x000000000000c41c        0x0
                [!provide]                        PROVIDE (__fini_array_start = .)
 *(SORT_BY_INIT_PRIORITY(.fini_array.*) SORT_BY_INIT_PRIORITY(.dtors.*))
 *(.fini_array EXCLUDE_FILE(*crtend?.o *crtend.o *crtbegin?.o *crtbegin.o) .dtors)
                [!provide]                        PROVIDE (__fini_array_end = .)

.ctors
 *crtbegin.o(.ctors)
 *crtbegin?.o(.ctors)
 *(EXCLUDE_FILE(*crtend?.o *crtend.o) .ctors)
 *(SORT_BY_NAME(.ctors.*))
 *(.ctors)

.dtors
 *crtbegin.o(.dtors)
 *crtbegin?.o(.dtors)
 *(EXCLUDE_FILE(*crtend?.o *crtend.o) .dtors)
 *(SORT_BY_NAME(.dtors.*))
 *(.dtors)

.dalign         0x0000000020000000        0x0 load address 0x000000000000c41c
                0x0000000020000000                . = ALIGN (0x4)
                0x0000000020000000                PROVIDE (_data_vma = .)

.dlalign        0x000000000000c41c        0x0
                0x000000000000c41c                . = ALIGN (0x4)
                0x000000000000c41c                PROVIDE (_data_lma = .)

.data           0x0000000020000000      0x1d8 load address 0x000000000000c41c
 *(.gnu.linkonce.r.*)
 *(.data .data.*)
 .data.MyDevDescr
                0x0000000020000000       0x12 E:\wch\6-AXIS-CH32V307-GRBL\app\ch32v30x_usbhs_device.o
                0x0000000020000000                MyDevDescr
 *fill*         0x0000000020000012        0x2 
 .data.TAB_USB_FS_OSC_DESC
                0x0000000020000014       0x2e E:\wch\6-AXIS-CH32V307-GRBL\app\ch32v30x_usbhs_device.o
                0x0000000020000014                TAB_USB_FS_OSC_DESC
 *fill*         0x0000000020000042        0x2 
 .data.TAB_USB_HS_OSC_DESC
                0x0000000020000044       0x2e E:\wch\6-AXIS-CH32V307-GRBL\app\ch32v30x_usbhs_device.o
                0x0000000020000044                TAB_USB_HS_OSC_DESC
 *fill*         0x0000000020000072        0x2 
 .data.WCIDDescriptor
                0x0000000020000074       0x28 E:\wch\6-AXIS-CH32V307-GRBL\app\ch32v30x_usbhs_device.o
                0x0000000020000074                WCIDDescriptor
 .data.WCIDProperties
                0x000000002000009c       0x8e E:\wch\6-AXIS-CH32V307-GRBL\app\ch32v30x_usbhs_device.o
                0x000000002000009c                WCIDProperties
 *fill*         0x000000002000012a        0x2 
 .data.WCID_StringDescriptor_MSOS
                0x000000002000012c       0x12 E:\wch\6-AXIS-CH32V307-GRBL\app\ch32v30x_usbhs_device.o
                0x000000002000012c                WCID_StringDescriptor_MSOS
 *fill*         0x000000002000013e        0x2 
 .data.APBAHBPrescTable
                0x0000000020000140       0x10 E:\wch\6-AXIS-CH32V307-GRBL\SRC\Peripheral\src\ch32v30x_rcc.o
 .data.impure_data
                0x0000000020000150       0x60 e:/risc5ide_2010/risc-vembeddedgcc/bin/../lib/gcc/riscv-none-embed/8.2.0/../../../../riscv-none-embed/lib/rv32imac/ilp32\libc_nano.a(lib_a-impure.o)
 *(.gnu.linkonce.d.*)
                0x00000000200001b0                . = ALIGN (0x8)
                0x00000000200009b0                PROVIDE (__global_pointer$ = (. + 0x800))
 *(.sdata .sdata.*)
 .sdata.nOnFlag.6749
                0x00000000200001b0        0x4 E:\wch\6-AXIS-CH32V307-GRBL\app\main.o
 .sdata.SystemCoreClock
                0x00000000200001b4        0x4 E:\wch\6-AXIS-CH32V307-GRBL\app\system_ch32v30x.o
                0x00000000200001b4                SystemCoreClock
 .sdata.USBHS_Dev_Endp0_Tog
                0x00000000200001b8        0x1 E:\wch\6-AXIS-CH32V307-GRBL\app\ch32v30x_usbhs_device.o
                0x00000000200001b8                USBHS_Dev_Endp0_Tog
 .sdata.USBHS_Dev_SetupReqCode
                0x00000000200001b9        0x1 E:\wch\6-AXIS-CH32V307-GRBL\app\ch32v30x_usbhs_device.o
                0x00000000200001b9                USBHS_Dev_SetupReqCode
 .sdata.USBHS_Dev_Speed
                0x00000000200001ba        0x1 E:\wch\6-AXIS-CH32V307-GRBL\app\ch32v30x_usbhs_device.o
                0x00000000200001ba                USBHS_Dev_Speed
 *fill*         0x00000000200001bb        0x1 
 .sdata.ADCPrescTable
                0x00000000200001bc        0x4 E:\wch\6-AXIS-CH32V307-GRBL\SRC\Peripheral\src\ch32v30x_rcc.o
 .sdata.__fdlib_version
                0x00000000200001c0        0x4 ld\libm.a(lib_a-s_lib_ver.o)
                0x00000000200001c0                __fdlib_version
 .sdata._impure_ptr
                0x00000000200001c4        0x4 e:/risc5ide_2010/risc-vembeddedgcc/bin/../lib/gcc/riscv-none-embed/8.2.0/../../../../riscv-none-embed/lib/rv32imac/ilp32\libc_nano.a(lib_a-impure.o)
                0x00000000200001c4                _impure_ptr
 *(.sdata2.*)
 .sdata2.MyLangDescr
                0x00000000200001c8        0x4 E:\wch\6-AXIS-CH32V307-GRBL\app\ch32v30x_usbhs_device.o
                0x00000000200001c8                MyLangDescr
 .sdata2.MyManuInfo
                0x00000000200001cc        0x6 E:\wch\6-AXIS-CH32V307-GRBL\app\ch32v30x_usbhs_device.o
                0x00000000200001cc                MyManuInfo
 *(.gnu.linkonce.s.*)
                0x00000000200001d8                . = ALIGN (0x8)
 *fill*         0x00000000200001d2        0x6 
 *(.srodata.cst16)
 *(.srodata.cst8)
 *(.srodata.cst4)
 *(.srodata.cst2)
 *(.srodata .srodata.*)
                0x00000000200001d8                . = ALIGN (0x4)
                0x00000000200001d8                PROVIDE (_edata = .)

.bss            0x00000000200001e0     0x1a2c load address 0x000000000000c5f4
                0x00000000200001e0                . = ALIGN (0x4)
                0x00000000200001e0                PROVIDE (_sbss = .)
 *(.sbss*)
 .sbss.USBHS_Dev_Address
                0x00000000200001e0        0x1 E:\wch\6-AXIS-CH32V307-GRBL\app\ch32v30x_usbhs_device.o
                0x00000000200001e0                USBHS_Dev_Address
 .sbss.USBHS_Dev_Config
                0x00000000200001e1        0x1 E:\wch\6-AXIS-CH32V307-GRBL\app\ch32v30x_usbhs_device.o
                0x00000000200001e1                USBHS_Dev_Config
 .sbss.USBHS_Dev_EnumStatus
                0x00000000200001e2        0x1 E:\wch\6-AXIS-CH32V307-GRBL\app\ch32v30x_usbhs_device.o
                0x00000000200001e2                USBHS_Dev_EnumStatus
 *fill*         0x00000000200001e3        0x1 
 .sbss.USBHS_Dev_SetupReqLen
                0x00000000200001e4        0x2 E:\wch\6-AXIS-CH32V307-GRBL\app\ch32v30x_usbhs_device.o
                0x00000000200001e4                USBHS_Dev_SetupReqLen
 .sbss.USBHS_Dev_SleepStatus
                0x00000000200001e6        0x1 E:\wch\6-AXIS-CH32V307-GRBL\app\ch32v30x_usbhs_device.o
                0x00000000200001e6                USBHS_Dev_SleepStatus
 .sbss.USBHS_Int_Flag
                0x00000000200001e7        0x1 E:\wch\6-AXIS-CH32V307-GRBL\app\ch32v30x_usbhs_device.o
                0x00000000200001e7                USBHS_Int_Flag
 .sbss.p_ms     0x00000000200001e8        0x2 E:\wch\6-AXIS-CH32V307-GRBL\SRC\Debug\debug.o
 .sbss.p_us     0x00000000200001ea        0x1 E:\wch\6-AXIS-CH32V307-GRBL\SRC\Debug\debug.o
 *fill*         0x00000000200001eb        0x1 
 .sbss.NVIC_Priority_Group
                0x00000000200001ec        0x4 E:\wch\6-AXIS-CH32V307-GRBL\SRC\Peripheral\src\ch32v30x_misc.o
                0x00000000200001ec                NVIC_Priority_Group
 .sbss.block_buffer_head
                0x00000000200001f0        0x1 E:\wch\6-AXIS-CH32V307-GRBL\grbl\planner.o
 .sbss.block_buffer_planned
                0x00000000200001f1        0x1 E:\wch\6-AXIS-CH32V307-GRBL\grbl\planner.o
 .sbss.block_buffer_tail
                0x00000000200001f2        0x1 E:\wch\6-AXIS-CH32V307-GRBL\grbl\planner.o
 .sbss.next_buffer_head
                0x00000000200001f3        0x1 E:\wch\6-AXIS-CH32V307-GRBL\grbl\planner.o
 .sbss.serial_rx_buffer_head
                0x00000000200001f4        0x1 E:\wch\6-AXIS-CH32V307-GRBL\grbl\serial.o
                0x00000000200001f4                serial_rx_buffer_head
 .sbss.serial_rx_buffer_tail
                0x00000000200001f5        0x1 E:\wch\6-AXIS-CH32V307-GRBL\grbl\serial.o
                0x00000000200001f5                serial_rx_buffer_tail
 *fill*         0x00000000200001f6        0x2 
 .sbss.pwm_gradient
                0x00000000200001f8        0x4 E:\wch\6-AXIS-CH32V307-GRBL\grbl\spindle_control.o
 .sbss.busy     0x00000000200001fc        0x1 E:\wch\6-AXIS-CH32V307-GRBL\grbl\stepper.o
 *fill*         0x00000000200001fd        0x1 
 .sbss.dir_port_invert_mask
                0x00000000200001fe        0x2 E:\wch\6-AXIS-CH32V307-GRBL\grbl\stepper.o
 .sbss.pl_block
                0x0000000020000200        0x4 E:\wch\6-AXIS-CH32V307-GRBL\grbl\stepper.o
 .sbss.segment_buffer_head
                0x0000000020000204        0x1 E:\wch\6-AXIS-CH32V307-GRBL\grbl\stepper.o
 .sbss.segment_buffer_tail
                0x0000000020000205        0x1 E:\wch\6-AXIS-CH32V307-GRBL\grbl\stepper.o
 .sbss.segment_next_head
                0x0000000020000206        0x1 E:\wch\6-AXIS-CH32V307-GRBL\grbl\stepper.o
 *fill*         0x0000000020000207        0x1 
 .sbss.st_prep_block
                0x0000000020000208        0x4 E:\wch\6-AXIS-CH32V307-GRBL\grbl\stepper.o
 .sbss.step_port_invert_mask
                0x000000002000020c        0x2 E:\wch\6-AXIS-CH32V307-GRBL\grbl\stepper.o
 *(.gnu.linkonce.sb.*)
 *(.bss*)
 *fill*         0x000000002000020e        0x2 
 .bss.block_buffer
                0x0000000020000210      0x870 E:\wch\6-AXIS-CH32V307-GRBL\grbl\planner.o
 .bss.pl        0x0000000020000a80       0x2c E:\wch\6-AXIS-CH32V307-GRBL\grbl\planner.o
 .bss.line      0x0000000020000aac       0x5a E:\wch\6-AXIS-CH32V307-GRBL\grbl\protocol.o
 *fill*         0x0000000020000b06        0x2 
 .bss.prep      0x0000000020000b08       0x38 E:\wch\6-AXIS-CH32V307-GRBL\grbl\stepper.o
 .bss.segment_buffer
                0x0000000020000b40       0x50 E:\wch\6-AXIS-CH32V307-GRBL\grbl\stepper.o
 .bss.st        0x0000000020000b90       0x3c E:\wch\6-AXIS-CH32V307-GRBL\grbl\stepper.o
 .bss.st_block_buffer
                0x0000000020000bcc       0xfc E:\wch\6-AXIS-CH32V307-GRBL\grbl\stepper.o
 *(.gnu.linkonce.b.*)
 *(COMMON*)
 COMMON         0x0000000020000cc8       0x45 E:\wch\6-AXIS-CH32V307-GRBL\app\main.o
                0x0000000020000cc8                sys_rt_exec_motion_override
                0x0000000020000ccc                sys
                0x0000000020000ce0                sys_rt_exec_accessory_override
                0x0000000020000ce1                sys_rt_exec_state
                0x0000000020000ce2                sys_probe_state
                0x0000000020000ce4                sys_probe_position
                0x0000000020000cf8                sys_position
                0x0000000020000d0c                sys_rt_exec_alarm
 *fill*         0x0000000020000d0d        0x3 
 COMMON         0x0000000020000d10      0x850 E:\wch\6-AXIS-CH32V307-GRBL\app\ch32v30x_usbhs_device.o
                0x0000000020000d10                EP1_Rx_Databuf
                0x0000000020000f10                pDescr
                0x0000000020000f20                EP0_Databuf
                0x0000000020000f60                EP2_Rx_Databuf
                0x0000000020001160                EP1_Tx_Databuf
                0x0000000020001360                EP2_Tx_Databuf
 COMMON         0x0000000020001560      0x400 E:\wch\6-AXIS-CH32V307-GRBL\grbl\eeprom.o
                0x0000000020001560                EE_Buffer
 COMMON         0x0000000020001960       0xac E:\wch\6-AXIS-CH32V307-GRBL\grbl\gcode.o
                0x0000000020001960                gc_state
                0x00000000200019bc                gc_block
 COMMON         0x0000000020001a0c        0x2 E:\wch\6-AXIS-CH32V307-GRBL\grbl\probe.o
                0x0000000020001a0c                probe_invert_mask
 *fill*         0x0000000020001a0e        0x2 
 COMMON         0x0000000020001a10      0x17e E:\wch\6-AXIS-CH32V307-GRBL\grbl\serial.o
                0x0000000020001a10                serial_tx_buffer
                0x0000000020001a90                serial_rx_buffer
 *fill*         0x0000000020001b8e        0x2 
 COMMON         0x0000000020001b90       0x7c E:\wch\6-AXIS-CH32V307-GRBL\grbl\settings.o
                0x0000000020001b90                settings
                0x0000000020001c0c                . = ALIGN (0x4)
                0x0000000020001c0c                PROVIDE (_ebss = .)
                0x0000000020001c0c                PROVIDE (_end = _ebss)
                [!provide]                        PROVIDE (end = .)

.stack          0x0000000020007800      0x800
                0x0000000020007800                PROVIDE (_heap_end = .)
                0x0000000020007800                . = ALIGN (0x4)
                [!provide]                        PROVIDE (_susrstack = .)
                0x0000000020008000                . = (. + __stack_size)
 *fill*         0x0000000020007800      0x800 
                0x0000000020008000                PROVIDE (_eusrstack = .)
OUTPUT(E:\wch\6-AXIS-CH32V307-GRBL\grbl_v307.elf elf32-littleriscv)

.debug_info     0x0000000000000000    0x26697
 .debug_info    0x0000000000000000      0x962 E:\wch\6-AXIS-CH32V307-GRBL\app\ch32v30x_it.o
 .debug_info    0x0000000000000962     0x1c12 E:\wch\6-AXIS-CH32V307-GRBL\app\main.o
 .debug_info    0x0000000000002574      0xb89 E:\wch\6-AXIS-CH32V307-GRBL\app\system_ch32v30x.o
 .debug_info    0x00000000000030fd     0x18f8 E:\wch\6-AXIS-CH32V307-GRBL\app\ch32v30x_usbhs_device.o
 .debug_info    0x00000000000049f5      0xf1c E:\wch\6-AXIS-CH32V307-GRBL\SRC\Debug\debug.o
 .debug_info    0x0000000000005911      0xc0d E:\wch\6-AXIS-CH32V307-GRBL\SRC\Peripheral\src\ch32v30x_exti.o
 .debug_info    0x000000000000651e     0x1378 E:\wch\6-AXIS-CH32V307-GRBL\SRC\Peripheral\src\ch32v30x_flash.o
 .debug_info    0x0000000000007896     0x1093 E:\wch\6-AXIS-CH32V307-GRBL\SRC\Peripheral\src\ch32v30x_gpio.o
 .debug_info    0x0000000000008929      0xf72 E:\wch\6-AXIS-CH32V307-GRBL\SRC\Peripheral\src\ch32v30x_misc.o
 .debug_info    0x000000000000989b     0x156e E:\wch\6-AXIS-CH32V307-GRBL\SRC\Peripheral\src\ch32v30x_rcc.o
 .debug_info    0x000000000000ae09     0x2a18 E:\wch\6-AXIS-CH32V307-GRBL\SRC\Peripheral\src\ch32v30x_tim.o
 .debug_info    0x000000000000d821     0x1420 E:\wch\6-AXIS-CH32V307-GRBL\SRC\Peripheral\src\ch32v30x_usart.o
 .debug_info    0x000000000000ec41     0x1163 E:\wch\6-AXIS-CH32V307-GRBL\grbl\coolant_control.o
 .debug_info    0x000000000000fda4     0x10fa E:\wch\6-AXIS-CH32V307-GRBL\grbl\eeprom.o
 .debug_info    0x0000000000010e9e     0x16ac E:\wch\6-AXIS-CH32V307-GRBL\grbl\gcode.o
 .debug_info    0x000000000001254a      0xf8b E:\wch\6-AXIS-CH32V307-GRBL\grbl\jog.o
 .debug_info    0x00000000000134d5     0x1bd6 E:\wch\6-AXIS-CH32V307-GRBL\grbl\limits.o
 .debug_info    0x00000000000150ab     0x19d8 E:\wch\6-AXIS-CH32V307-GRBL\grbl\motion_control.o
 .debug_info    0x0000000000016a83     0x107b E:\wch\6-AXIS-CH32V307-GRBL\grbl\nuts_bolts.o
 .debug_info    0x0000000000017afe     0x1689 E:\wch\6-AXIS-CH32V307-GRBL\grbl\planner.o
 .debug_info    0x0000000000019187     0x10e1 E:\wch\6-AXIS-CH32V307-GRBL\grbl\print.o
 .debug_info    0x000000000001a268     0x106e E:\wch\6-AXIS-CH32V307-GRBL\grbl\probe.o
 .debug_info    0x000000000001b2d6     0x1579 E:\wch\6-AXIS-CH32V307-GRBL\grbl\protocol.o
 .debug_info    0x000000000001c84f     0x1f74 E:\wch\6-AXIS-CH32V307-GRBL\grbl\report.o
 .debug_info    0x000000000001e7c3     0x1177 E:\wch\6-AXIS-CH32V307-GRBL\grbl\serial.o
 .debug_info    0x000000000001f93a     0x13ec E:\wch\6-AXIS-CH32V307-GRBL\grbl\settings.o
 .debug_info    0x0000000000020d26     0x16cc E:\wch\6-AXIS-CH32V307-GRBL\grbl\spindle_control.o
 .debug_info    0x00000000000223f2     0x243a E:\wch\6-AXIS-CH32V307-GRBL\grbl\stepper.o
 .debug_info    0x000000000002482c     0x1e49 E:\wch\6-AXIS-CH32V307-GRBL\grbl\system.o
 .debug_info    0x0000000000026675       0x22 E:\wch\6-AXIS-CH32V307-GRBL\SRC\Startup\startup_ch32v30x_D8C.o

.debug_abbrev   0x0000000000000000     0x6553
 .debug_abbrev  0x0000000000000000      0x1cf E:\wch\6-AXIS-CH32V307-GRBL\app\ch32v30x_it.o
 .debug_abbrev  0x00000000000001cf      0x395 E:\wch\6-AXIS-CH32V307-GRBL\app\main.o
 .debug_abbrev  0x0000000000000564      0x2c0 E:\wch\6-AXIS-CH32V307-GRBL\app\system_ch32v30x.o
 .debug_abbrev  0x0000000000000824      0x3a9 E:\wch\6-AXIS-CH32V307-GRBL\app\ch32v30x_usbhs_device.o
 .debug_abbrev  0x0000000000000bcd      0x2f9 E:\wch\6-AXIS-CH32V307-GRBL\SRC\Debug\debug.o
 .debug_abbrev  0x0000000000000ec6      0x2da E:\wch\6-AXIS-CH32V307-GRBL\SRC\Peripheral\src\ch32v30x_exti.o
 .debug_abbrev  0x00000000000011a0      0x43d E:\wch\6-AXIS-CH32V307-GRBL\SRC\Peripheral\src\ch32v30x_flash.o
 .debug_abbrev  0x00000000000015dd      0x31a E:\wch\6-AXIS-CH32V307-GRBL\SRC\Peripheral\src\ch32v30x_gpio.o
 .debug_abbrev  0x00000000000018f7      0x2fb E:\wch\6-AXIS-CH32V307-GRBL\SRC\Peripheral\src\ch32v30x_misc.o
 .debug_abbrev  0x0000000000001bf2      0x351 E:\wch\6-AXIS-CH32V307-GRBL\SRC\Peripheral\src\ch32v30x_rcc.o
 .debug_abbrev  0x0000000000001f43      0x421 E:\wch\6-AXIS-CH32V307-GRBL\SRC\Peripheral\src\ch32v30x_tim.o
 .debug_abbrev  0x0000000000002364      0x325 E:\wch\6-AXIS-CH32V307-GRBL\SRC\Peripheral\src\ch32v30x_usart.o
 .debug_abbrev  0x0000000000002689      0x34a E:\wch\6-AXIS-CH32V307-GRBL\grbl\coolant_control.o
 .debug_abbrev  0x00000000000029d3      0x3bd E:\wch\6-AXIS-CH32V307-GRBL\grbl\eeprom.o
 .debug_abbrev  0x0000000000002d90      0x33e E:\wch\6-AXIS-CH32V307-GRBL\grbl\gcode.o
 .debug_abbrev  0x00000000000030ce      0x267 E:\wch\6-AXIS-CH32V307-GRBL\grbl\jog.o
 .debug_abbrev  0x0000000000003335      0x43a E:\wch\6-AXIS-CH32V307-GRBL\grbl\limits.o
 .debug_abbrev  0x000000000000376f      0x3e3 E:\wch\6-AXIS-CH32V307-GRBL\grbl\motion_control.o
 .debug_abbrev  0x0000000000003b52      0x2d7 E:\wch\6-AXIS-CH32V307-GRBL\grbl\nuts_bolts.o
 .debug_abbrev  0x0000000000003e29      0x49d E:\wch\6-AXIS-CH32V307-GRBL\grbl\planner.o
 .debug_abbrev  0x00000000000042c6      0x363 E:\wch\6-AXIS-CH32V307-GRBL\grbl\print.o
 .debug_abbrev  0x0000000000004629      0x32d E:\wch\6-AXIS-CH32V307-GRBL\grbl\probe.o
 .debug_abbrev  0x0000000000004956      0x31c E:\wch\6-AXIS-CH32V307-GRBL\grbl\protocol.o
 .debug_abbrev  0x0000000000004c72      0x49a E:\wch\6-AXIS-CH32V307-GRBL\grbl\report.o
 .debug_abbrev  0x000000000000510c      0x307 E:\wch\6-AXIS-CH32V307-GRBL\grbl\serial.o
 .debug_abbrev  0x0000000000005413      0x3c2 E:\wch\6-AXIS-CH32V307-GRBL\grbl\settings.o
 .debug_abbrev  0x00000000000057d5      0x3f9 E:\wch\6-AXIS-CH32V307-GRBL\grbl\spindle_control.o
 .debug_abbrev  0x0000000000005bce      0x4e1 E:\wch\6-AXIS-CH32V307-GRBL\grbl\stepper.o
 .debug_abbrev  0x00000000000060af      0x492 E:\wch\6-AXIS-CH32V307-GRBL\grbl\system.o
 .debug_abbrev  0x0000000000006541       0x12 E:\wch\6-AXIS-CH32V307-GRBL\SRC\Startup\startup_ch32v30x_D8C.o

.debug_aranges  0x0000000000000000      0xec0
 .debug_aranges
                0x0000000000000000       0x28 E:\wch\6-AXIS-CH32V307-GRBL\app\ch32v30x_it.o
 .debug_aranges
                0x0000000000000028       0x38 E:\wch\6-AXIS-CH32V307-GRBL\app\main.o
 .debug_aranges